Date
当前日期: 2020/05/15 周五
Time
当前时间: 12:24:59.28
-----------------------------------------------------------------------------------------
systeminfo
主机名:           ANSEL7CDF
OS 名称:          Microsoft Windows 10 专业版
OS 版本:          10.0.18362 暂缺 Build 18362
OS 制造商:        Microsoft Corporation
OS 配置:          独立工作站
OS 构件类型:      Multiprocessor Free
注册的所有人:     Ansel
注册的组织:
产品 ID:          00331-10000-00001-AA023
初始安装日期:     2019/10/11, 20:36:08
系统启动时间:     2020/3/11, 15:54:50
系统制造商:       Parallels Software International Inc.
系统型号:         Parallels Virtual Platform
系统类型:         x64-based PC
处理器:           安装了 1 个处理器。
                  [01]: Intel64 Family 6 Model 142 Stepping 9 GenuineIntel ~3096 Mhz
BIOS 版本:        Parallels Software International Inc. 14.1.3 (45485), 2019/3/12
Windows 目录:     C:\Windows
系统目录:         C:\Windows\system32
启动设备:         \Device\HarddiskVolume2
系统区域设置:     zh-cn;中文(中国)
输入法区域设置:   zh-cn;中文(中国)
时区:             (UTC+08:00) 伊尔库茨克
物理内存总量:     4,073 MB
可用的物理内存:   1,400 MB
虚拟内存: 最大值: 7,913 MB
虚拟内存: 可用:   5,041 MB
虚拟内存: 使用中: 2,872 MB
页面文件位置:     C:\pagefile.sys
域:               WORKGROUP
登录服务器:       \\ANSEL7CDF
修补程序:         安装了 7 个修补程序。
                  [01]: KB4515871
                  [02]: KB4513661
                  [03]: KB4515383
                  [04]: KB4516115
                  [05]: KB4521863
                  [06]: KB4524569
                  [07]: KB4524570
网卡:             安装了 1 个 NIC。
                  [01]: Intel(R) 82574L Gigabit Network Connection
                      连接名:      以太网
                      启用 DHCP:   是
                      DHCP 服务器: 10.211.55.1
                      IP 地址
                        [01]: 10.211.55.3
                        [02]: fe80::cc79:71bb:10ea:39f3
                        [03]: fdb2:2c26:f4e4:0:cc79:71bb:10ea:39f3
Hyper-V 要求:     已检测到虚拟机监控程序。将不显示 Hyper-V 所需的功能。
-----------------------------------------------------------------------------------------
services information
HKLM\System\CurrentControlSet\Services
   AarSvc
     %SystemRoot%\system32\svchost.exe -k AarSvcGroup -p
     Agent Activation Runtime: Runtime for activating conversational agent applications
     Microsoft Corporation
     10.0.18362.449
     c:\windows\system32\aarsvc.dll
     2002/4/9 23:29
   AarSvc_c3c14c
     C:\Windows\system32\svchost.exe -k AarSvcGroup -p
     Agent Activation Runtime_c3c14c: Runtime for activating conversational agent applications
     Microsoft Corporation
     10.0.18362.1
     c:\windows\system32\svchost.exe
     1997/1/11 6:26
   AJRouter
     %SystemRoot%\system32\svchost.exe -k LocalServiceNetworkRestricted -p
     AllJoyn Router Service: 路由本地 AllJoyn 客户端的 AllJoyn 消息。如果停止此服务，则自身没有捆绑路由器的 AllJoyn 客户端将无法运行。
     Microsoft Corporation
     10.0.18362.1
     c:\windows\system32\ajrouter.dll
     1963/11/25 19:41
   ALG
     %SystemRoot%\System32\alg.exe
     Application Layer Gateway Service: 为 Internet 连接共享提供第三方协议插件的支持
     Microsoft Corporation
     10.0.18362.1
     c:\windows\system32\alg.exe
     1944/8/31 21:22
   AppIDSvc
     %SystemRoot%\system32\svchost.exe -k LocalServiceNetworkRestricted -p
     Application Identity: 确定并验证应用程序的标识。禁用此服务将阻止强制执行 AppLocker。
     Microsoft Corporation
     10.0.18362.1
     c:\windows\system32\appidsvc.dll
     1968/12/30 23:44
   Appinfo
     %SystemRoot%\system32\svchost.exe -k netsvcs -p
     Application Information: 使用辅助管理权限便于交互式应用程序的运行。如果停止此服务，用户将无法使用辅助管理权限启动应用程序，而执行所需用户任务可能需要这些权限。
     Microsoft Corporation
     10.0.18362.329
     c:\windows\system32\appinfo.dll
     2016/2/9 11:54
   AppMgmt
     %SystemRoot%\system32\svchost.exe -k netsvcs -p
     Application Management: 为通过组策略部署的软件处理安装、删除以及枚举请求。如果该服务被禁用，则用户将不能安装、删除或枚举通过组策略部署的软件。如果此服务被禁用，则直接依赖于它的所有服务都将无法启动。
     Microsoft Corporation
     10.0.18362.1
     c:\windows\system32\appmgmts.dll
     2018/10/26 21:07
   AppReadiness
     %SystemRoot%\System32\svchost.exe -k AppReadiness -p
     App Readiness: 当用户初次登录到这台电脑和添加新应用时，使应用进入就绪可用的状态。
     Microsoft Corporation
     10.0.18362.1
     c:\windows\system32\appreadiness.dll
     2031/1/25 18:43
   AppXSvc
     %systemroot%\system32\svchost.exe -k wsappx -p
     AppX Deployment Service (AppXSVC): 为部署 Microsoft Store 应用程序提供基础结构支持。此服务根据需要启动，如果已禁用的 Microsoft Store 应用程序未部署到系统，此服务可能无法正常工作。
     Microsoft Corporation
     10.0.18362.476
     c:\windows\system32\appxdeploymentserver.dll
     1913/11/29 4:39
   ArcGIS License Manager
     "C:\Program Files (x86)\ArcGIS\License10.5\bin\lmgrd.exe"
     ArcGIS License Manager: 
     File not found: C:\Program Files (x86)\ArcGIS\License10.5\bin\lmgrd.exe
     
   AssignedAccessManagerSvc
     %SystemRoot%\system32\svchost.exe -k AssignedAccessManagerSvc
     AssignedAccessManager 服务: AssignedAccessManager 服务支持 Windows 中的展台体验。
     Microsoft Corporation
     10.0.18362.387
     c:\windows\system32\assignedaccessmanagersvc.dll
     1930/11/17 0:04
   AudioEndpointBuilder
     %SystemRoot%\System32\svchost.exe -k LocalSystemNetworkRestricted -p
     Windows Audio Endpoint Builder: 管理 Windows 音频服务的音频设备。如果停止了此服务，音频设备和效果将无法正常工作。如果禁用了此服务，任何明确依赖它的服务将无法启动
     Microsoft Corporation
     10.0.18362.449
     c:\windows\system32\audioendpointbuilder.dll
     1934/6/4 10:27
   Audiosrv
     %SystemRoot%\System32\svchost.exe -k LocalServiceNetworkRestricted -p
     Windows Audio: 管理基于 Windows 的程序的音频。如果此服务被停止，音频设备和效果将不能正常工作。如果此服务被禁用，任何依赖它的服务将无法启动
     Microsoft Corporation
     10.0.18362.449
     c:\windows\system32\audiosrv.dll
     1941/4/26 1:51
   autotimesvc
     %SystemRoot%\system32\svchost.exe -k autoTimeSvc
     手机网络时间: 此服务基于移动网络中的 NITZ 消息设置时间
     Microsoft Corporation
     10.0.18362.1
     c:\windows\system32\autotimesvc.dll
     2028/12/14 16:15
   AxInstSV
     %SystemRoot%\system32\svchost.exe -k AxInstSVGroup
     ActiveX Installer (AxInstSV): 为从 Internet 安装 ActiveX 控件提供用户帐户控制验证，并基于组策略设置启用对 ActiveX 控件安装的管理。此服务根据要求启动，是否禁用 ActiveX 控件的安装取决于默认浏览器设置。
     Microsoft Corporation
     10.0.18362.476
     c:\windows\system32\axinstsv.dll
     1987/7/28 6:18
   BcastDVRUserService
     %SystemRoot%\system32\svchost.exe -k BcastDVRUserService
     GameDVR 和广播用户服务: 此用户服务用于游戏录制和实况广播
     Microsoft Corporation
     10.0.18362.1
     c:\windows\system32\bcastdvruserservice.dll
     2029/5/7 22:06
   BcastDVRUserService_c3c14c
     C:\Windows\system32\svchost.exe -k BcastDVRUserService
     GameDVR 和广播用户服务_c3c14c: 此用户服务用于游戏录制和实况广播
     Microsoft Corporation
     10.0.18362.1
     c:\windows\system32\svchost.exe
     1997/1/11 6:26
   BDESVC
     %SystemRoot%\System32\svchost.exe -k netsvcs -p
     BitLocker Drive Encryption Service: BDESVC 承载 BitLocker 驱动器加密服务。BitLocker 驱动器加密为操作系统提供安全启动保障，并为 OS、固定卷和可移动卷提供全卷加密功能。使用此服务，BitLocker 可以提示用户执行与已安装卷相关的各种操作，并自动解锁卷而无需用户交互。此外，它还会将恢复信息存储至 Active Directory (如果这种方法可用并且需要这样做)，并确保使用最新的恢复证书。停止或禁用该服务可以防止用户使用此功能。
     Microsoft Corporation
     10.0.18362.387
     c:\windows\system32\bdesvc.dll
     2027/7/14 8:40
   BFE
     %systemroot%\system32\svchost.exe -k LocalServiceNoNetworkFirewall -p
     Base Filtering Engine: 基本筛选引擎(BFE)是一种管理防火墙和 Internet 协议安全(IPsec)策略以及实施用户模式筛选的服务。停止或禁用 BFE 服务将大大降低系统的安全。还将造成 IPsec 管理和防火墙应用程序产生不可预知的行为。
     Microsoft Corporation
     10.0.18362.207
     c:\windows\system32\bfe.dll
     1981/3/21 16:18
   BITS
     %SystemRoot%\System32\svchost.exe -k netsvcs -p
     Background Intelligent Transfer Service: 使用空闲网络带宽在后台传送文件。如果该服务被禁用，则依赖于 BITS 的任何应用程序(如 Windows 更新或 MSN Explorer)将无法自动下载程序和其他信息。
     Microsoft Corporation
     7.8.18362.267
     c:\windows\system32\qmgr.dll
     2000/4/1 5:52
   BluetoothUserService
     %SystemRoot%\system32\svchost.exe -k BthAppGroup -p
     蓝牙用户支持服务: 蓝牙用户服务支持与每个用户会话相关的蓝牙功能的正确运行。
     Microsoft Corporation
     10.0.18362.449
     c:\windows\system32\microsoft.bluetooth.userservice.dll
     1953/4/13 18:50
   BluetoothUserService_c3c14c
     C:\Windows\system32\svchost.exe -k BthAppGroup -p
     蓝牙用户支持服务_c3c14c: 蓝牙用户服务支持与每个用户会话相关的蓝牙功能的正确运行。
     Microsoft Corporation
     10.0.18362.1
     c:\windows\system32\svchost.exe
     1997/1/11 6:26
   BrokerInfrastructure
     %SystemRoot%\system32\svchost.exe -k DcomLaunch -p
     Background Tasks Infrastructure Service: 控制哪些后台任务可以在系统上运行的 Windows 基础结构服务。
     Microsoft Corporation
     10.0.18362.295
     c:\windows\system32\psmsrv.dll
     2025/9/30 8:40
   BTAGService
     %SystemRoot%\system32\svchost.exe -k LocalServiceNetworkRestricted
     蓝牙音频网关服务: 支持蓝牙免提规范音频网关角色的服务。
     Microsoft Corporation
     10.0.18362.449
     c:\windows\system32\btagservice.dll
     1975/2/27 7:04
   BthAvctpSvc
     %SystemRoot%\system32\svchost.exe -k LocalService -p
     AVCTP 服务: 这是音频视频控制传输协议服务
     Microsoft Corporation
     10.0.18362.1
     c:\windows\system32\bthavctpsvc.dll
     2004/9/21 18:03
   bthserv
     %SystemRoot%\system32\svchost.exe -k LocalService -p
     蓝牙支持服务: 蓝牙服务支持发现和关联远程蓝牙设备。停止或禁用此服务可能会导致已安装的蓝牙设备无法正常运行，并使新设备无法被发现或关联。
     Microsoft Corporation
     10.0.18362.1
     c:\windows\system32\bthserv.dll
     1995/5/20 9:01
   camsvc
     %SystemRoot%\system32\svchost.exe -k appmodel -p
     功能访问管理器服务: 提供设施，用于管理 UWP 应用对应用功能的访问权限以及检查应用的特定应用功能访问权限
     Microsoft Corporation
     10.0.18362.145
     c:\windows\system32\capabilityaccessmanager.dll
     1971/1/9 9:22
   CaptureService
     %SystemRoot%\system32\svchost.exe -k LocalService -p
     CaptureService: 为调用 Windows.Graphics.Capture API 的应用程序启用可选的屏幕捕获功能。
     Microsoft Corporation
     10.0.18362.1
     c:\windows\system32\captureservice.dll
     1986/2/3 11:44
   CaptureService_c3c14c
     C:\Windows\system32\svchost.exe -k LocalService -p
     CaptureService_c3c14c: 为调用 Windows.Graphics.Capture API 的应用程序启用可选的屏幕捕获功能。
     Microsoft Corporation
     10.0.18362.1
     c:\windows\system32\svchost.exe
     1997/1/11 6:26
   cbdhsvc
     %SystemRoot%\system32\svchost.exe -k ClipboardSvcGroup -p
     剪贴板用户服务: 此用户服务用于剪贴板方案
     Microsoft Corporation
     10.0.18362.329
     c:\windows\system32\cbdhsvc.dll
     1962/1/22 14:00
   cbdhsvc_c3c14c
     C:\Windows\system32\svchost.exe -k ClipboardSvcGroup -p
     剪贴板用户服务_c3c14c: 此用户服务用于剪贴板方案
     Microsoft Corporation
     10.0.18362.1
     c:\windows\system32\svchost.exe
     1997/1/11 6:26
   CDPSvc
     %SystemRoot%\system32\svchost.exe -k LocalService -p
     连接设备平台服务: 此服务用于连接设备平台方案
     Microsoft Corporation
     10.0.18362.449
     c:\windows\system32\cdpsvc.dll
     2027/11/12 4:51
   CDPUserSvc
     %SystemRoot%\system32\svchost.exe -k UnistackSvcGroup
     连接设备平台用户服务: 此用户服务用于连接设备平台方案
     Microsoft Corporation
     10.0.18362.449
     c:\windows\system32\cdpusersvc.dll
     2013/10/19 2:02
   CDPUserSvc_c3c14c
     C:\Windows\system32\svchost.exe -k UnistackSvcGroup
     连接设备平台用户服务_c3c14c: 此用户服务用于连接设备平台方案
     Microsoft Corporation
     10.0.18362.1
     c:\windows\system32\svchost.exe
     1997/1/11 6:26
   CertPropSvc
     %SystemRoot%\system32\svchost.exe -k netsvcs
     Certificate Propagation: 将用户证书和根证书从智能卡复制到当前用户的证书存储，检测智能卡何时插入到智能卡读卡器中，并在需要时安装智能卡即插即用微型驱动器。
     Microsoft Corporation
     10.0.18362.1
     c:\windows\system32\certprop.dll
     1981/3/4 21:47
   ClipSVC
     %SystemRoot%\System32\svchost.exe -k wsappx -p
     Client License Service (ClipSVC): 提供对 Microsoft Store 的基础结构支持。此服务按需启动，并且如果禁用了此服务，则使用 Windows Store 购买的应用程序将无法正常运行。
     Microsoft Corporation
     10.0.18362.449
     c:\windows\system32\clipsvc.dll
     1918/2/19 17:16
   COMSysApp
     %SystemRoot%\system32\dllhost.exe /Processid:{02D4B3F1-FD88-11D1-960D-00805FC79235}
     COM+ System Application: 管理基于组件对象模型 (COM+) 的组件的配置和跟踪。如果停止该服务，则大多数基于 COM+ 的组件将不能正常工作。如果禁用该服务，则任何明确依赖它的服务都将无法启动。
     Microsoft Corporation
     10.0.18362.1
     c:\windows\system32\dllhost.exe
     1954/11/21 4:34
   ConsentUxUserSvc
     %SystemRoot%\system32\svchost.exe -k DevicesFlow
     ConsentUX: 允许 ConnectUX 和电脑设置连接 WLAN 显示器和蓝牙设备并与其配对。
     Microsoft Corporation
     10.0.18362.1
     c:\windows\system32\consentuxclient.dll
     2029/6/16 6:36
   ConsentUxUserSvc_c3c14c
     C:\Windows\system32\svchost.exe -k DevicesFlow
     ConsentUX_c3c14c: 允许 ConnectUX 和电脑设置连接 WLAN 显示器和蓝牙设备并与其配对。
     Microsoft Corporation
     10.0.18362.1
     c:\windows\system32\svchost.exe
     1997/1/11 6:26
   CoreMessagingRegistrar
     %SystemRoot%\system32\svchost.exe -k LocalServiceNoNetwork -p
     CoreMessaging: Manages communication between system components.
     Microsoft Corporation
     10.0.18362.1
     c:\windows\system32\coremessaging.dll
     1978/7/25 3:40
   CredentialEnrollmentManagerUserSvc
     %SystemRoot%\system32\CredentialEnrollmentManager.exe
     CredentialEnrollmentManagerUserSvc: 凭据注册管理器
     Microsoft Corporation
     10.0.18362.1
     c:\windows\system32\credentialenrollmentmanager.exe
     1951/7/19 13:52
   CredentialEnrollmentManagerUserSvc_c3c14c
     C:\Windows\system32\CredentialEnrollmentManager.exe
     CredentialEnrollmentManagerUserSvc_c3c14c: 凭据注册管理器
     Microsoft Corporation
     10.0.18362.1
     c:\windows\system32\credentialenrollmentmanager.exe
     1951/7/19 13:52
   CryptSvc
     %SystemRoot%\system32\svchost.exe -k NetworkService -p
     Cryptographic Services: 提供三种管理服务: 编录数据库服务，用于确认 Windows 文件的签名和允许安装新程序；受保护的根服务，它从此计算机添加和删除受信任的根证书颁发机构的证书；自动根证书更新服务，用于从 Windows 更新中检索根证书和启用 SSL 等方案。如果此服务已停止，这些管理服务将无法正常运行。如果此服务已禁用，任何明确依赖它的服务将无法启动。
     Microsoft Corporation
     10.0.18362.1
     c:\windows\system32\cryptsvc.dll
     2036/1/12 17:07
   CscService
     %SystemRoot%\System32\svchost.exe -k LocalSystemNetworkRestricted -p
     Offline Files: 脱机文件服务在脱机文件缓存中执行维护活动，响应用户登录和注销事件，实现公共 API 的内部部分，并将相关的事件分配给关心脱机文件活动和缓存更改的用户。
     Microsoft Corporation
     10.0.18362.1
     c:\windows\system32\cscsvc.dll
     1937/4/2 5:17
   DcomLaunch
     %SystemRoot%\system32\svchost.exe -k DcomLaunch -p
     DCOM Server Process Launcher: DCOMLAUNCH 服务可启动 COM 和 DCOM 服务器，以响应对象激活请求。如果此服务被停用或禁用，则使用 COM 或 DCOM 的程序将无法正常工作。强烈建议你运行 DCOMLAUNCH 服务。
     Microsoft Corporation
     10.0.18362.449
     c:\windows\system32\rpcss.dll
     2022/12/10 11:01
   defragsvc
     %SystemRoot%\system32\svchost.exe -k defragsvc
     Optimize drives: 通过优化存储驱动器上的文件来帮助计算机更高效地运行。
     Microsoft Corporation
     10.0.18362.1
     c:\windows\system32\defragsvc.dll
     1906/10/15 0:02
   DeviceAssociationBrokerSvc
     %SystemRoot%\system32\svchost.exe -k DevicesFlow -p
     DeviceAssociationBroker: Enables apps to pair devices
     Microsoft Corporation
     10.0.18362.1
     c:\windows\system32\deviceaccess.dll
     1959/3/17 21:50
   DeviceAssociationBrokerSvc_c3c14c
     C:\Windows\system32\svchost.exe -k DevicesFlow -p
     DeviceAssociationBroker_c3c14c: Enables apps to pair devices
     Microsoft Corporation
     10.0.18362.1
     c:\windows\system32\svchost.exe
     1997/1/11 6:26
   DeviceAssociationService
     %SystemRoot%\system32\svchost.exe -k LocalSystemNetworkRestricted -p
     Device Association Service: 在系统与有线或无线设备之间启用匹配。
     Microsoft Corporation
     10.0.18362.1
     c:\windows\system32\das.dll
     2012/9/16 19:48
   DeviceInstall
     %SystemRoot%\system32\svchost.exe -k DcomLaunch -p
     Device Install Service: 使计算机在极少或没有用户输入的情况下能识别并适应硬件的更改。终止或禁用此服务会造成系统不稳定。
     Microsoft Corporation
     10.0.18362.1
     c:\windows\system32\umpnpmgr.dll
     1947/11/16 17:19
   DevicePickerUserSvc
     %SystemRoot%\system32\svchost.exe -k DevicesFlow
     DevicePicker: 此用户服务用于管理 Miracast、DLNA 和拨号用户界面
     Microsoft Corporation
     10.0.18362.1
     c:\windows\system32\windows.devices.picker.dll
     1926/12/18 5:04
   DevicePickerUserSvc_c3c14c
     C:\Windows\system32\svchost.exe -k DevicesFlow
     DevicePicker_c3c14c: 此用户服务用于管理 Miracast、DLNA 和拨号用户界面
     Microsoft Corporation
     10.0.18362.1
     c:\windows\system32\svchost.exe
     1997/1/11 6:26
   DevicesFlowUserSvc
     %SystemRoot%\system32\svchost.exe -k DevicesFlow
     DevicesFlow: 允许 ConnectUX 和电脑设置连接 WLAN 显示器和蓝牙设备并与其配对。
     Microsoft Corporation
     10.0.18362.449
     c:\windows\system32\devicesflowbroker.dll
     1993/9/29 2:23
   DevicesFlowUserSvc_c3c14c
     C:\Windows\system32\svchost.exe -k DevicesFlow
     DevicesFlow_c3c14c: 允许 ConnectUX 和电脑设置连接 WLAN 显示器和蓝牙设备并与其配对。
     Microsoft Corporation
     10.0.18362.1
     c:\windows\system32\svchost.exe
     1997/1/11 6:26
   DevQueryBroker
     %SystemRoot%\system32\svchost.exe -k LocalSystemNetworkRestricted -p
     DevQuery Background Discovery Broker: 使应用能够发现具有后台任务的设备
     Microsoft Corporation
     10.0.18362.1
     c:\windows\system32\devquerybroker.dll
     1999/1/4 10:46
   Dhcp
     %SystemRoot%\system32\dhcpcore.dll
     DHCP Client: 为此计算机注册并更新 IP 地址。如果此服务停止，计算机将不能接收动态 IP 地址和 DNS 更新。如果此服务被禁用，所有明确依赖它的服务都将不能启动。
     Microsoft Corporation
     10.0.18362.267
     c:\windows\system32\dhcpcore.dll
     1921/5/26 1:01
   diagnosticshub.standardcollector.service
     %SystemRoot%\system32\DiagSvcs\DiagnosticsHub.StandardCollector.Service.exe
     Microsoft (R) 诊断中心标准收集器服务: 诊断中心标准收集器服务。运行时，此服务会收集实时 ETW 事件，并对其进行处理。
     Microsoft Corporation
     11.0.18362.356
     c:\windows\system32\diagsvcs\diagnosticshub.standardcollector.service.exe
     1992/8/20 18:54
   diagsvc
     %SystemRoot%\System32\svchost.exe -k diagnostics
     Diagnostic Execution Service: Executes diagnostic actions for troubleshooting support
     Microsoft Corporation
     10.0.18362.449
     c:\windows\system32\diagsvc.dll
     1975/9/23 6:11
   DispBrokerDesktopSvc
     %SystemRoot%\system32\svchost.exe -k LocalService -p
     显示策略服务: 管理本地和远程显示器的连接和配置
     Microsoft Corporation
     10.0.18362.267
     c:\windows\system32\dispbroker.desktop.dll
     2030/5/1 12:54
   DisplayEnhancementService
     %SystemRoot%\system32\svchost.exe -k LocalSystemNetworkRestricted -p
     显示增强服务: 用于管理显示增强(如亮度控制)的服务。
     Microsoft Corporation
     10.0.18362.449
     c:\windows\system32\microsoft.graphics.display.displayenhancementservice.dll
     2018/4/14 13:33
   DmEnrollmentSvc
     %systemroot%\system32\svchost.exe -k netsvcs -p
     设备管理注册服务: 为设备管理执行设备注册活动
     Microsoft Corporation
     10.0.18362.387
     c:\windows\system32\windows.internal.management.dll
     1948/2/24 19:02
   dmwappushservice
     %SystemRoot%\system32\svchost.exe -k netsvcs -p
     设备管理无线应用程序协议 (WAP) 推送消息路由服务: 路由设备收到的无线应用程序协议 (WAP) 推送消息并同步设备管理会话
     Microsoft Corporation
     10.0.18362.1
     c:\windows\system32\dmwappushsvc.dll
     2012/7/28 14:50
   Dnscache
     %SystemRoot%\system32\svchost.exe -k NetworkService -p
     DNS Client: DNS 客户端服务(dnscache)缓存域名系统(DNS)名称并注册该计算机的完整计算机名。如果该服务被停止，将继续解析 DNS 名称。然而，将不缓存 DNS 名称的查询结果，且不注册计算机名。如果该服务被禁用，则任何明确依赖于它的服务都将无法启动。
     Microsoft Corporation
     10.0.18362.267
     c:\windows\system32\dnsrslvr.dll
     1948/6/5 15:29
   DoSvc
     %SystemRoot%\system32\dosvc.dll
     Delivery Optimization: 执行内容传递优化任务
     Microsoft Corporation
     10.0.18362.329
     c:\windows\system32\dosvc.dll
     2023/8/13 4:53
   dot3svc
     %SystemRoot%\system32\svchost.exe -k LocalSystemNetworkRestricted -p
     Wired AutoConfig: 有线自动配置(DOT3SVC)服务负责对以太网接口执行 IEEE 802.1X 身份验证。如果当前有线网络部署强制执行 802.1X 身份验证，则应配置 DOT3SVC 服务运行以用于建立第 2 层连接性和/或用于提供对网络资源的访问权限。DOT3SVC 服务会影响到强制执行 802.1X 身份验证的有线网络。
     Microsoft Corporation
     10.0.18362.387
     c:\windows\system32\dot3svc.dll
     1906/11/10 8:11
   DPS
     %SystemRoot%\System32\svchost.exe -k LocalServiceNoNetwork -p
     Diagnostic Policy Service: 诊断策略服务启用了 Windows 组件的问题检测、疑难解答和解决方案。如果该服务被停止，诊断将不再运行。
     Microsoft Corporation
     10.0.18362.1
     c:\windows\system32\dps.dll
     2035/9/12 3:05
   DsmSvc
     %SystemRoot%\system32\svchost.exe -k netsvcs -p
     Device Setup Manager: 支持检测、下载和安装与设备相关的软件。如果此服务被禁用，则可能使用过期软件对设备进行配置，因此设备可能无法正常工作。
     Microsoft Corporation
     10.0.18362.1
     c:\windows\system32\devicesetupmanager.dll
     1993/9/3 13:55
   DsSvc
     %SystemRoot%\System32\svchost.exe -k LocalSystemNetworkRestricted -p
     Data Sharing Service: 提供应用程序之间的数据代理。
     Microsoft Corporation
     10.0.18362.476
     c:\windows\system32\dssvc.dll
     1985/12/23 13:57
   DusmSvc
     %SystemRoot%\System32\svchost.exe -k LocalServiceNetworkRestricted -p
     数据使用量: 网络数据使用量，流量上限，限制背景数据，按流量计费的网络。
     Microsoft Corporation
     10.0.18362.1
     c:\windows\system32\dusmsvc.dll
     1910/12/4 7:48
   Eaphost
     %SystemRoot%\System32\svchost.exe -k netsvcs -p
     Extensible Authentication Protocol: 可扩展的身份验证协议(EAP)服务在以下情况下提供网络身份验证: 802.1x 有线和无线、VPN 和网络访问保护(NAP)。EAP 在身份验证过程中也提供网络访问客户端使用的应用程序编程接口(API)，包括无线客户端和 VPN 客户端。如果禁用此服务，该计算机将无法访问需要 EAP 身份验证的网络。
     Microsoft Corporation
     10.0.18362.1
     c:\windows\system32\eapsvc.dll
     1941/6/28 16:34
   EFS
     %SystemRoot%\System32\lsass.exe
     Encrypting File System (EFS): 提供用于在 NTFS 文件系统卷上存储加密文件的核心文件加密技术。如果停止或禁用此服务，则应用程序将无法访问加密的文件。
     Microsoft Corporation
     10.0.18362.1
     c:\windows\system32\lsass.exe
     1947/7/4 6:51
   embeddedmode
     %SystemRoot%\System32\svchost.exe -k LocalSystemNetworkRestricted -p
     嵌入模式: 嵌入式服务启用与后台应用程序相关的方案。禁用此服务会阻止激活后台应用程序。
     Microsoft Corporation
     10.0.18362.1
     c:\windows\system32\embeddedmodesvc.dll
     2000/3/15 6:03
   EntAppSvc
     %systemroot%\system32\svchost.exe -k appmodel -p
     Enterprise App Management Service: 启用企业应用程序管理。
     Microsoft Corporation
     10.0.18362.1
     c:\windows\system32\enterpriseappmgmtsvc.dll
     1991/9/30 11:30
   EventLog
     %SystemRoot%\System32\svchost.exe -k LocalServiceNetworkRestricted -p
     Windows Event Log: 此服务管理事件和事件日志。它支持日志记录事件、查询事件、订阅事件、归档事件日志以及管理事件元数据。它可以用 XML 和纯文本两种格式显示事件。停止该服务可能危及系统的安全性和可靠性。
     Microsoft Corporation
     10.0.18362.329
     c:\windows\system32\wevtsvc.dll
     1946/1/15 22:21
   EventSystem
     %SystemRoot%\system32\svchost.exe -k LocalService -p
     COM+ Event System: 支持系统事件通知服务 (SENS)，此服务为订阅的组件对象模型 (COM) 组件提供自动分布事件功能。如果停止此服务，SENS 将关闭，而且不能提供登录和注销通知。如果禁用此服务，显式依赖此服务的其他服务都将无法启动。
     Microsoft Corporation
     2001.12.10941.16384
     c:\windows\system32\es.dll
     1936/3/11 6:46
   Fax
     %systemroot%\system32\fxssvc.exe
     Fax: 利用计算机或网络上的可用传真资源发送和接收传真。
     Microsoft Corporation
     10.0.18362.1
     c:\windows\system32\fxssvc.exe
     2004/5/13 19:24
   fdPHost
     %SystemRoot%\system32\svchost.exe -k LocalService -p
     Function Discovery Provider Host: FDPHOST 服务承载功能发现(FD)网络发现提供程序。这些 FD 提供程序为简单服务发现协议(SSDP)和 Web 服务发现(WS-D)协议提供网络发现服务。使用 FD 时停止或禁用 FDPHOST 服务将禁用这些协议的网络发现。当该服务不可用时，使用 FD 和依靠这些发现协议的网络服务将无法找到网络服务或资源。
     Microsoft Corporation
     10.0.18362.1
     c:\windows\system32\fdphost.dll
     2010/1/30 1:22
   FDResPub
     %SystemRoot%\system32\svchost.exe -k LocalServiceAndNoImpersonation -p
     Function Discovery Resource Publication: 发布该计算机以及连接到该计算机的资源，以便能够在网络上发现这些资源。如果该服务被停止，将不再发布网络资源，网络上的其他计算机将无法发现这些资源。
     Microsoft Corporation
     10.0.18362.1
     c:\windows\system32\fdrespub.dll
     1965/6/24 17:03
   fhsvc
     %SystemRoot%\system32\svchost.exe -k LocalSystemNetworkRestricted -p
     File History Service: 将用户文件复制到备份位置以防意外丢失
     Microsoft Corporation
     10.0.18362.1
     c:\windows\system32\fhsvc.dll
     1918/8/27 12:39
   FlexNet Licensing Service
     "C:\Program Files (x86)\Common Files\Macrovision Shared\FlexNet Publisher\FNPLicensingService.exe"
     FlexNet Licensing Service: This service performs licensing functions on behalf of FlexNet enabled products.
     Flexera Software LLC
     11.14.0.0
     c:\program files (x86)\common files\macrovision shared\flexnet publisher\fnplicensingservice.exe
     2016/5/6 0:07
   FontCache
     %SystemRoot%\system32\svchost.exe -k LocalService -p
     Windows Font Cache Service: 通过缓存常用字体数据优化应用程序的性能。如果尚未运行该服务，则应用程序将启动该服务。也可以禁用该服务，但是这样做会降低应用程序性能。
     Microsoft Corporation
     10.0.18362.476
     c:\windows\system32\fntcache.dll
     1985/4/7 10:58
   FrameServer
     %SystemRoot%\System32\svchost.exe -k Camera
     Windows Camera Frame Server: 允许多个客户端从相机设备访问视频帧。
     Microsoft Corporation
     10.0.18362.207
     c:\windows\system32\frameserver.dll
     1944/1/31 16:49
   gpsvc
     %systemroot%\system32\svchost.exe -k netsvcs -p
     Group Policy Client: 此服务负责应用管理员通过组策略组件为计算机和用户配置的设置。如果禁用此服务，将不会应用这些设置，并且将无法通过组策略管理应用程序和组件。如果禁用此服务，依赖于组策略组件的所有组件或应用程序都将无法正常运行。
     Microsoft Corporation
     10.0.18362.1
     c:\windows\system32\gpsvc.dll
     1994/3/30 8:05
   GraphicsPerfSvc
     %SystemRoot%\System32\svchost.exe -k GraphicsPerfSvcGroup
     GraphicsPerfSvc: Graphics performance monitor service
     Microsoft Corporation
     10.0.18362.1
     c:\windows\system32\graphicsperfsvc.dll
     1946/4/24 11:01
   hidserv
     %SystemRoot%\system32\svchost.exe -k LocalSystemNetworkRestricted -p
     Human Interface Device Service: 激活键盘、遥控器和其他多媒体设备上的热按钮并继续使用这些按钮。建议你让此服务一直运行。
     Microsoft Corporation
     10.0.18362.1
     c:\windows\system32\hidserv.dll
     1916/12/9 8:17
   HvHost
     %SystemRoot%\system32\svchost.exe -k LocalSystemNetworkRestricted -p
     HV 主机服务: 为 Hyper-V 虚拟机监控程序提供接口，以便为主机操作系统提供单分区性能计数器。
     Microsoft Corporation
     10.0.18362.476
     c:\windows\system32\hvhostsvc.dll
     1959/4/13 4:03
   icssvc
     %SystemRoot%\system32\svchost.exe -k LocalServiceNetworkRestricted -p
     Windows 移动热点服务: 提供与其他设备共享手机网络数据连接的功能。
     Microsoft Corporation
     10.0.18362.387
     c:\windows\system32\tetheringservice.dll
     2036/9/22 20:13
   IKEEXT
     %systemroot%\system32\svchost.exe -k netsvcs -p
     IKE and AuthIP IPsec Keying Modules: IKEEXT 服务托管 Internet 密钥交换(IKE)和身份验证 Internet 协议(AuthIP)键控模块。这些键控模块用于 Internet 协议安全(IPSec)中的身份验证和密钥交换。停止或禁用 IKEEXT 服务将禁用与对等计算机的 IKE/AuthIP 密钥交换。通常将 IPSec 配置为使用 IKE 或 AuthIP，因此停止或禁用 IKEEXT 服务将导致 IPSec 故障并且危及系统的安全。强烈建议运行 IKEEXT 服务。
     Microsoft Corporation
     10.0.18362.207
     c:\windows\system32\ikeext.dll
     1902/3/3 6:37
   InstallService
     %SystemRoot%\System32\svchost.exe -k netsvcs -p
     Microsoft Store 安装服务: 为 Microsoft Store 提供基础结构支持。此服务按需启动，如被禁用，则安装将无法正常运行。
     Microsoft Corporation
     10.0.18362.418
     c:\windows\system32\installservice.dll
     1966/5/10 3:44
   iphlpsvc
     %SystemRoot%\System32\svchost.exe -k NetSvcs -p
     IP Helper: 使用 IPv6 转换技术(6to4、ISATAP、端口代理和 Teredo)和 IP-HTTPS 提供隧道连接。如果停止该服务，则计算机将不具备这些技术提供的增强连接优势。
     Microsoft Corporation
     10.0.18362.476
     c:\windows\system32\iphlpsvc.dll
     1955/4/10 6:27
   IpxlatCfgSvc
     %SystemRoot%\System32\svchost.exe -k LocalSystemNetworkRestricted -p
     IP 转换配置服务: 配置和启用从 v4 到 v6 的转换，反之亦然
     Microsoft Corporation
     10.0.18362.1
     c:\windows\system32\ipxlatcfg.dll
     2019/3/21 18:00
   KeyIso
     %SystemRoot%\system32\lsass.exe
     CNG Key Isolation: CNG 密钥隔离服务宿主在 LSA 进程中。如一般原则所要求，该服务为私钥和相关加密操作提供密钥进程隔离。该服务在与一般原则要求相一致的安全进程中存储和使用生存期长的密钥。
     Microsoft Corporation
     10.0.18362.1
     c:\windows\system32\lsass.exe
     1947/7/4 6:51
   KtmRm
     %SystemRoot%\System32\svchost.exe -k NetworkServiceAndNoImpersonation -p
     KtmRm for Distributed Transaction Coordinator: 协调分布式事务处理协调器(MSDTC)和内核事务管理器(KTM)之间的事务。如果不需要，建议保持该服务的停止状态。如果需要，MSDTC 和 KTM 将自动启动该服务。如果此服务已禁用，任何与内核资源管理器交互的 MSDTC 事务将失败，并且任何显式依赖它的服务将无法启动。
     Microsoft Corporation
     2001.12.10941.16384
     c:\windows\system32\msdtckrm.dll
     1986/1/17 21:44
   LanmanServer
     %SystemRoot%\system32\svchost.exe -k netsvcs -p
     Server: 支持此计算机通过网络的文件、打印、和命名管道共享。如果服务停止，这些功能不可用。如果服务被禁用，任何直接依赖于此服务的服务将无法启动。
     Microsoft Corporation
     10.0.18362.1
     c:\windows\system32\srvsvc.dll
     1927/12/31 11:11
   LanmanWorkstation
     %SystemRoot%\System32\svchost.exe -k NetworkService -p
     Workstation: 使用 SMB 协议创建并维护客户端网络与远程服务器之间的连接。如果此服务已停止，这些连接将无法使用。如果此服务已禁用，任何明确依赖它的服务将无法启动。
     Microsoft Corporation
     10.0.18362.267
     c:\windows\system32\wkssvc.dll
     1980/1/12 1:15
   lfsvc
     %SystemRoot%\system32\svchost.exe -k netsvcs -p
     Geolocation Service: 此服务将监视系统的当前位置并管理地理围栏(具有关联事件的地理位置)。如果你禁用此服务，应用程序将无法使用或接收有关地理位置或地理围栏的通知。
     Microsoft Corporation
     10.0.18362.1
     c:\windows\system32\lfsvc.dll
     1980/1/30 8:34
   LicenseManager
     %SystemRoot%\System32\svchost.exe -k LocalService -p
     Windows 许可证管理器服务: 为 Microsoft Store 提供基础结构支持。此服务按需启动，如果禁用此服务，则通过 Microsoft Store 获得的内容将无法正常运行。
     Microsoft Corporation
     10.0.18362.1
     c:\windows\system32\licensemanagersvc.dll
     2029/10/5 19:51
   lltdsvc
     %SystemRoot%\System32\svchost.exe -k LocalService -p
     Link-Layer Topology Discovery Mapper: 创建网络映射，它由电脑和设备拓扑(连接)信息以及说明每个电脑和设备的元数据组成。如果禁用此服务，则网络映射将不能正常工作。
     Microsoft Corporation
     10.0.18362.1
     c:\windows\system32\lltdsvc.dll
     1934/3/29 19:45
   lmhosts
     %SystemRoot%\System32\svchost.exe -k LocalServiceNetworkRestricted -p
     TCP/IP NetBIOS Helper: 提供 TCP/IP (NetBT) 服务上的 NetBIOS 和网络上客户端的 NetBIOS 名称解析的支持，从而使用户能够共享文件、打印和登录到网络。如果此服务被停用，这些功能可能不可用。如果此服务被禁用，任何依赖它的服务将无法启动。
     Microsoft Corporation
     10.0.18362.1
     c:\windows\system32\svchost.exe
     1997/1/11 6:26
   LSM
     %SystemRoot%\system32\svchost.exe -k DcomLaunch -p
     Local Session Manager: 管理本地用户会话的核心 Windows 服务。停止或禁用此服务将导致系统不稳定。
     Microsoft Corporation
     10.0.18362.1
     c:\windows\system32\lsm.dll
     1931/7/21 3:30
   LxpSvc
     %SystemRoot%\system32\svchost.exe -k netsvcs
     语言体验服务: 为部署和配置 Windows 本地化资源提供基础结构支持。此服务将按需启动，如果禁用，其他 Windows 语言将不会部署到系统，Windows 可能无法正常工作。
     Microsoft Corporation
     10.0.18362.1
     c:\windows\system32\languageoverlayserver.dll
     2035/1/24 21:50
   MapsBroker
     %SystemRoot%\System32\svchost.exe -k NetworkService -p
     Downloaded Maps Manager: 供应用程序访问已下载地图的 Windows 服务。此服务由访问已下载地图的应用程序按需启动。禁用此服务将阻止应用访问地图。
     Microsoft Corporation
     10.0.18362.1
     c:\windows\system32\moshost.dll
     2002/8/30 8:11
   MessagingService
     %SystemRoot%\system32\svchost.exe -k UnistackSvcGroup
     MessagingService: 支持短信及相关功能的服务。
     Microsoft Corporation
     10.0.18362.1
     c:\windows\system32\messagingservice.dll
     1946/5/2 4:09
   MessagingService_c3c14c
     C:\Windows\system32\svchost.exe -k UnistackSvcGroup
     MessagingService_c3c14c: 支持短信及相关功能的服务。
     Microsoft Corporation
     10.0.18362.1
     c:\windows\system32\svchost.exe
     1997/1/11 6:26
   mpssvc
     %SystemRoot%\system32\svchost.exe -k LocalServiceNoNetworkFirewall -p
     Windows Defender Firewall: Windows Defender 防火墙通过阻止未授权用户通过 Internet 或网络访问你的计算机来帮助保护计算机。
     Microsoft Corporation
     10.0.18362.449
     c:\windows\system32\mpssvc.dll
     2000/5/24 14:40
   MSDTC
     %SystemRoot%\System32\msdtc.exe
     Distributed Transaction Coordinator: 协调跨多个数据库、消息队列、文件系统等资源管理器的事务。如果停止此服务，这些事务将会失败。如果禁用此服务，显式依赖此服务的其他服务将无法启动。
     Microsoft Corporation
     2001.12.10941.16384
     c:\windows\system32\msdtc.exe
     1966/9/5 6:27
   MSiSCSI
     %systemroot%\system32\svchost.exe -k netsvcs -p
     Microsoft iSCSI Initiator Service: 管理从这台计算机到远程 iSCSI 目标设备的 Internet SCSI (iSCSI)会话。如果该服务已停止，则该计算机将无法登录或访问 iSCSI 目标设备。如果该服务已禁用，则所有显式依赖于该服务的服务将不会启动。
     Microsoft Corporation
     10.0.18362.1
     c:\windows\system32\iscsiexe.dll
     1968/9/17 22:37
   msiserver
     %systemroot%\system32\msiexec.exe /V
     Windows Installer: 添加、修改和删除作为 Windows Installer 程序包(*.msi、*.msp)提供的应用程序。如果禁用此服务，则任何显式依赖它的服务均将无法启动。
     Microsoft Corporation
     5.0.18362.1
     c:\windows\system32\msiexec.exe
     2017/2/9 9:03
   NaturalAuthentication
     %SystemRoot%\system32\svchost.exe -k netsvcs -p
     自然身份验证: 信号聚合器服务，用于根据时间、网络、地理位置、蓝牙和 CDF 因素评估信号。支持的功能包括设备解锁、动态锁定和动态 MDM 策略
     Microsoft Corporation
     10.0.18362.1
     c:\windows\system32\naturalauth.dll
     1947/5/21 9:08
   NcaSvc
     %SystemRoot%\System32\svchost.exe -k NetSvcs -p
     Network Connectivity Assistant: 提供 UI 组件的 DirectAccess 状态通知
     Microsoft Corporation
     10.0.18362.356
     c:\windows\system32\ncasvc.dll
     1957/10/8 18:34
   NcbService
     %SystemRoot%\System32\svchost.exe -k LocalSystemNetworkRestricted -p
     Network Connection Broker: 允许 Windows 应用商店应用从 Internet 接收通知的代理连接。
     Microsoft Corporation
     10.0.18362.1
     c:\windows\system32\ncbservice.dll
     1994/12/18 12:55
   NcdAutoSetup
     %SystemRoot%\System32\svchost.exe -k LocalServiceNoNetwork -p
     Network Connected Devices Auto-Setup: 网络连接设备自动安装服务会监视和安装连接到合格网络的合格设备。停止或禁用此服务将阻止 Windows 自动发现和安装合格的网络连接设备。用户仍然可以通过用户界面将网络连接设备手动添加到电脑。
     Microsoft Corporation
     10.0.18362.1
     c:\windows\system32\ncdautosetup.dll
     1958/3/12 22:05
   Netlogon
     %systemroot%\system32\lsass.exe
     Netlogon: 为用户和服务身份验证维护此计算机和域控制器之间的安全通道。如果此服务被停用，计算机可能无法验证用户和服务身份并且域控制器无法注册 DNS 记录。如果此服务被禁用，任何依赖它的服务将无法启动。
     Microsoft Corporation
     10.0.18362.1
     c:\windows\system32\lsass.exe
     1947/7/4 6:51
   Netman
     %SystemRoot%\System32\svchost.exe -k LocalSystemNetworkRestricted -p
     Network Connections: 管理“网络和拨号连接”文件夹中对象，在其中你可以查看局域网和远程连接。
     Microsoft Corporation
     10.0.18362.1
     c:\windows\system32\netman.dll
     1914/12/7 16:36
   netprofm
     %SystemRoot%\System32\svchost.exe -k LocalService -p
     Network List Service: 识别计算机已连接的网络，收集和存储这些网络的属性，并在更改这些属性时通知应用程序。
     Microsoft Corporation
     10.0.18362.267
     c:\windows\system32\netprofmsvc.dll
     2019/9/9 7:11
   NetSetupSvc
     %SystemRoot%\System32\svchost.exe -k netsvcs -p
     Network Setup Service: 网络安装服务用于管理网络驱动程序的安装，并允许配置低级别网络设置。如果停止此服务，可能会取消正在进行的所有驱动程序安装。
     Microsoft Corporation
     10.0.18362.1
     c:\windows\system32\netsetupsvc.dll
     1937/3/2 14:41
   NgcCtnrSvc
     %SystemRoot%\system32\svchost.exe -k LocalServiceNetworkRestricted -p
     Microsoft Passport Container: 管理用于针对标识提供者及 TPM 虚拟智能卡为用户进行身份验证的本地用户标识密钥。如果禁用了此服务，则将无法访问本地用户标识密钥和 TPM 虚拟智能卡。建议你不要重新配置此服务。
     Microsoft Corporation
     10.0.18362.329
     c:\windows\system32\ngcctnrsvc.dll
     1943/10/4 7:37
   NgcSvc
     %SystemRoot%\system32\svchost.exe -k LocalSystemNetworkRestricted -p
     Microsoft Passport: 为用于对用户关联的标识提供者进行身份验证的加密密钥提供进程隔离。如果禁用了此服务，则这些密钥的所有使用和管理将无法进行，其中包括应用和网站的计算机登录和单一登录。此服务自动启动和停止。建议你不要重新配置此服务。
     Microsoft Corporation
     10.0.18362.267
     c:\windows\system32\ngcsvc.dll
     1920/8/10 11:41
   NlaSvc
     %SystemRoot%\System32\svchost.exe -k NetworkService -p
     Network Location Awareness: 收集和存储网络的配置信息，并在此信息被修改时向程序发出通知。如果停止此服务，则配置信息可能不可用；如果禁用此服务，则显式依赖此服务的所有服务都将无法启动。
     Microsoft Corporation
     10.0.18362.387
     c:\windows\system32\nlasvc.dll
     1927/7/9 5:56
   nsi
     %systemroot%\system32\svchost.exe -k LocalService -p
     Network Store Interface Service: 此服务向用户模式客户端发送网络通知(例如，添加/删除接口等)。停止此服务将导致丢失网络连接。如果禁用此服务，则显式依赖此服务的所有其他服务都将无法启动。
     Microsoft Corporation
     10.0.18362.1
     c:\windows\system32\svchost.exe
     1997/1/11 6:26
   odserv
     "C:\Program Files (x86)\Common Files\Microsoft Shared\OFFICE12\ODSERV.EXE"
     Microsoft Office Diagnostics Service: 运行部分 Microsoft Office 诊断。
     Microsoft Corporation
     12.0.4518.1014
     c:\program files (x86)\common files\microsoft shared\office12\odserv.exe
     2006/10/27 10:48
   OneSyncSvc
     %SystemRoot%\system32\svchost.exe -k UnistackSvcGroup
     同步主机: 此服务将同步邮件、联系人、日历和各种其他用户数据。此服务没有运行时，依赖于此功能的邮件和其他应用程序将无法正常工作。
     Microsoft Corporation
     10.0.18362.1
     c:\windows\system32\aphostservice.dll
     2034/1/31 4:05
   OneSyncSvc_c3c14c
     C:\Windows\system32\svchost.exe -k UnistackSvcGroup
     同步主机_c3c14c: 此服务将同步邮件、联系人、日历和各种其他用户数据。此服务没有运行时，依赖于此功能的邮件和其他应用程序将无法正常工作。
     Microsoft Corporation
     10.0.18362.1
     c:\windows\system32\svchost.exe
     1997/1/11 6:26
   ose
     "C:\Program Files (x86)\Common Files\Microsoft Shared\Source Engine\OSE.EXE"
     Office Source Engine: 保存用于更新和修复的安装文件，并且在下载安装程序更新和 Watson 错误报告时必须使用。
     Microsoft Corporation
     12.0.4518.1014
     c:\program files (x86)\common files\microsoft shared\source engine\ose.exe
     2006/10/27 5:00
   ose64
     "C:\Program Files\Common Files\Microsoft Shared\Source Engine\OSE.EXE"
     Office 64 Source Engine: 保存用于更新和修复的安装文件，并且在下载安装程序更新和 Watson 错误报告时必须使用。
     Microsoft Corporation
     16.0.4266.1001
     c:\program files\common files\microsoft shared\source engine\ose.exe
     2015/7/30 20:39
   p2pimsvc
     %SystemRoot%\System32\svchost.exe -k LocalServicePeerNet
     Peer Networking Identity Manager: 向对等名称解析协议(PNRP)和对等分组服务提供标识服务。如果禁用该功能，对等名称解析协议和对等分组服务可能无法正常运行，且某些应用程序(如家庭组和远程协助)可能无法正常运行。
     Microsoft Corporation
     10.0.18362.295
     c:\windows\system32\pnrpsvc.dll
     1931/8/24 12:49
   p2psvc
     %SystemRoot%\System32\svchost.exe -k LocalServicePeerNet
     Peer Networking Grouping: 使用对等分组启用多方通信。如果禁用该功能，某些应用程序(如家庭组)可能无法正常运行。
     Microsoft Corporation
     10.0.18362.295
     c:\windows\system32\p2psvc.dll
     1962/10/28 3:24
   Parallels Coherence Service
     "C:\Program Files (x86)\Parallels\Parallels Tools\Services\coherence.exe"
     Parallels Coherence Service: Provides support for the Coherence mode. If this service is stopped, the Coherence mode will be unavailable.
     Parallels International GmbH
     14.1.3.45485
     c:\program files (x86)\parallels\parallels tools\services\coherence.exe
     2019/3/12 21:58
   Parallels Tools Service
     "C:\Program Files (x86)\Parallels\Parallels Tools\Services\prl_tools_service.exe"
     Parallels Tools Service: Provides support for the integration between the physical computer and virtual machine. If this service is stopped, some integration features will be unavailable.
     Parallels International GmbH
     14.1.3.45485
     c:\program files (x86)\parallels\parallels tools\services\prl_tools_service.exe
     2019/3/12 21:57
   PcaSvc
     %systemroot%\system32\svchost.exe -k LocalSystemNetworkRestricted -p
     Program Compatibility Assistant Service: 此服务为程序兼容性助手(PCA)提供支持。PCA 监视由用户安装和运行的程序，并检测已知兼容性问题。如果停止此服务，PCA 将无法正常运行。
     Microsoft Corporation
     10.0.18362.449
     c:\windows\system32\pcasvc.dll
     1953/10/29 10:58
   PeerDistSvc
     %SystemRoot%\System32\svchost.exe -k PeerDist
     BranchCache: 此服务缓存来自本地子网上对等方的网络内容。
     Microsoft Corporation
     10.0.18362.1
     c:\windows\system32\peerdistsvc.dll
     1968/11/5 22:33
   perceptionsimulation
     %systemroot%\system32\PerceptionSimulation\PerceptionSimulationService.exe
     Windows 感知模拟服务: 实现空间感知模拟、虚拟相机管理和空间输入模拟。
     Microsoft Corporation
     10.0.18362.1
     c:\windows\system32\perceptionsimulation\perceptionsimulationservice.exe
     2016/9/14 22:45
   PerfHost
     %SystemRoot%\SysWow64\perfhost.exe
     Performance Counter DLL Host: 使远程用户和 64 位进程能够查询 32 位 DLL 提供的性能计数器。如果停止此服务，则只有本地用户和 32 位进程能够查询 32 位 DLL 提供的性能计数器。
     Microsoft Corporation
     10.0.18362.1
     c:\windows\syswow64\perfhost.exe
     2021/6/2 13:18
   PhoneSvc
     %SystemRoot%\system32\svchost.exe -k LocalService -p
     Phone Service: 在设备上管理电话服务状态
     Microsoft Corporation
     10.0.18362.1
     c:\windows\system32\phoneservice.dll
     1926/12/8 9:33
   PimIndexMaintenanceSvc
     %SystemRoot%\system32\svchost.exe -k UnistackSvcGroup
     Contact Data: 为联系人数据编制索引以进行快速联系人搜索。如果停止或禁用此服务，你的搜索结果中可能会缺少联系人。
     Microsoft Corporation
     10.0.18362.1
     c:\windows\system32\pimindexmaintenance.dll
     2010/6/21 3:59
   PimIndexMaintenanceSvc_c3c14c
     C:\Windows\system32\svchost.exe -k UnistackSvcGroup
     Contact Data_c3c14c: 为联系人数据编制索引以进行快速联系人搜索。如果停止或禁用此服务，你的搜索结果中可能会缺少联系人。
     Microsoft Corporation
     10.0.18362.1
     c:\windows\system32\svchost.exe
     1997/1/11 6:26
   pla
     %SystemRoot%\System32\svchost.exe -k LocalServiceNoNetwork -p
     Performance Logs & Alerts: 性能日志和警报根据预配置的计划参数从本地或远程计算机收集性能数据，然后将该数据写入日志或触发警报。如果停止此服务，将不收集性能信息。如果禁用此服务，则明确依赖它的所有服务将无法启动。
     Microsoft Corporation
     10.0.18362.1
     c:\windows\system32\pla.dll
     2017/4/22 13:35
   PlugPlay
     %SystemRoot%\system32\svchost.exe -k DcomLaunch -p
     Plug and Play: 使计算机在极少或没有用户输入的情况下能识别并适应硬件的更改。终止或禁用此服务会造成系统不稳定。
     Microsoft Corporation
     10.0.18362.1
     c:\windows\system32\umpnpmgr.dll
     1947/11/16 17:19
   PNRPAutoReg
     %SystemRoot%\System32\svchost.exe -k LocalServicePeerNet
     PNRP Machine Name Publication Service: 此服务使用对等名称解析协议发布计算机名称。配置是通过 Netsh 上下文“p2p pnrp peer”管理的
     Microsoft Corporation
     10.0.18362.1
     c:\windows\system32\pnrpauto.dll
     2008/8/4 7:29
   PNRPsvc
     %SystemRoot%\System32\svchost.exe -k LocalServicePeerNet
     Peer Name Resolution Protocol: 使用对等名称解析协议(PNRP)在 Internet 上启用无服务器对等名称解析。如果禁用该功能，则某些对等应用程序和协作应用程序(如远程协助)可能无法运行。
     Microsoft Corporation
     10.0.18362.295
     c:\windows\system32\pnrpsvc.dll
     1931/8/24 12:49
   PolicyAgent
     %SystemRoot%\system32\svchost.exe -k NetworkServiceNetworkRestricted -p
     IPsec Policy Agent: Internet 协议安全(IPsec)支持网络级别的对等身份验证、数据原始身份验证、数据完整性、数据机密性(加密)以及重播保护。此服务强制执行通过 IP 安全策略管理单元或命令行工具 "netsh ipsec" 创建的 IPsec 策略。停止此服务时，如果策略需要连接使用 IPsec，可能会遇到网络连接问题。同样，此服务停止时，Windows Defender 防火墙的远程管理也不再可用。
     Microsoft Corporation
     10.0.18362.1
     c:\windows\system32\ipsecsvc.dll
     1996/1/12 23:46
   Power
     %SystemRoot%\system32\svchost.exe -k DcomLaunch -p
     Power: 管理电源策略和电源策略通知传递。
     Microsoft Corporation
     10.0.18362.418
     c:\windows\system32\umpo.dll
     1969/5/21 21:09
   PrintNotify
     %SystemRoot%\system32\svchost.exe -k print
     Printer Extensions and Notifications: 此服务可打开自定义打印机对话框并处理来自远程打印服务器或打印机的通知。如果你关闭此服务，将无法看到打印机扩展或通知。
     Microsoft Corporation
     0.3.18362.145
     c:\windows\system32\spool\drivers\x64\3\printconfig.dll
     1963/10/1 2:55
   PrintWorkflowUserSvc
     %SystemRoot%\system32\svchost.exe -k PrintWorkflow
     PrintWorkflow: 打印工作流
     Microsoft Corporation
     10.0.18362.1
     c:\windows\system32\printworkflowservice.dll
     1996/5/3 23:56
   PrintWorkflowUserSvc_c3c14c
     C:\Windows\system32\svchost.exe -k PrintWorkflow
     PrintWorkflow_c3c14c: 打印工作流
     Microsoft Corporation
     10.0.18362.1
     c:\windows\system32\svchost.exe
     1997/1/11 6:26
   PrlVssProvider
     C:\Windows\system32\dllhost.exe /Processid:{B87DD8BE-CD55-43EA-957E-A38FB7ADEDD8}
     PrlVssProvider: VSS Parallels Backup Provider
     Microsoft Corporation
     10.0.18362.1
     c:\windows\system32\dllhost.exe
     1954/11/21 4:34
   ProfSvc
     %systemroot%\system32\svchost.exe -k netsvcs -p
     User Profile Service: 此服务负责加载和卸载用户配置文件。如果已停止或禁用此服务，用户将无法再成功登录或注销，应用在获取用户数据时可能会出问题，而且为接收配置文件事件通知注册的组件将无法接收这些通知。
     Microsoft Corporation
     10.0.18362.449
     c:\windows\system32\profsvc.dll
     1943/5/4 21:32
   PushToInstall
     %SystemRoot%\System32\svchost.exe -k netsvcs -p
     Windows PushToInstall 服务: 为 Microsoft Store 提供基础结构支持。此服务自动启动，如果禁用，则远程安装将无法正常运行。
     Microsoft Corporation
     10.0.18362.1
     c:\windows\system32\pushtoinstall.dll
     2002/5/8 8:07
   QPCore
     "C:\Program Files (x86)\Common Files\Tencent\QQProtect\Bin\QQProtect.exe"
     QPCore Service: 腾讯安全服务
     Tencent
     4.5.0.9406
     c:\program files (x86)\common files\tencent\qqprotect\bin\qqprotect.exe
     2019/11/20 17:31
   QWAVE
     %windir%\system32\svchost.exe -k LocalServiceAndNoImpersonation -p
     Quality Windows Audio Video Experience: 优质 Windows 音频视频体验(qWave)是用于 IP 家庭网络上的音频视频(AV)流应用程序的网络平台。通过确保 AV 应用程序的网络服务质量(QoS)，qWave 增强了 AV 流的性能和可靠性。它提供了许可控制机制、运行时监视和实施、应用程序反馈以及流量优先顺序。
     Microsoft Corporation
     10.0.18362.1
     c:\windows\system32\qwave.dll
     1976/9/4 3:49
   RasAuto
     %SystemRoot%\System32\svchost.exe -k netsvcs -p
     Remote Access Auto Connection Manager: 无论什么时候，当某个程序引用一个远程 DNS 或者 NetBIOS 名称或者地址，就创建一个到远程的连接。
     Microsoft Corporation
     10.0.18362.1
     c:\windows\system32\rasauto.dll
     1949/11/12 0:08
   RasMan
     %SystemRoot%\System32\svchost.exe -k netsvcs
     Remote Access Connection Manager: 管理从这台计算机到 Internet 或其他远程网络的拨号和虚拟专用网络(VPN)连接。如果禁用该项服务，则明确依赖该服务的任何服务都将无法启动。
     Microsoft Corporation
     10.0.18362.329
     c:\windows\system32\rasmans.dll
     1926/6/20 1:44
   RetailDemo
     %SystemRoot%\System32\svchost.exe -k rdxgroup
     零售演示服务: 当设备处于零售演示模式时，零售演示服务将控制设备活动。
     Microsoft Corporation
     10.0.18362.387
     c:\windows\system32\rdxservice.dll
     1984/1/9 2:38
   RmSvc
     %SystemRoot%\System32\svchost.exe -k LocalServiceNetworkRestricted
     无线电管理服务: 无线电管理和飞行模式服务
     Microsoft Corporation
     10.0.18362.449
     c:\windows\system32\rmapi.dll
     1964/9/10 12:07
   RpcEptMapper
     %SystemRoot%\system32\svchost.exe -k RPCSS -p
     RPC Endpoint Mapper: 解析 RPC 接口标识符以传输端点。如果此服务被停止或禁用，使用远程过程调用(RPC)服务的程序将无法正常运行。
     Microsoft Corporation
     10.0.18362.1
     c:\windows\system32\rpcepmap.dll
     1979/5/14 20:53
   RpcLocator
     %SystemRoot%\system32\locator.exe
     Remote Procedure Call (RPC) Locator: 在 Windows 2003 和 Windows 的早期版本中，远程过程调用(RPC)定位器服务可管理 RPC 名称服务数据库。在 Windows Vista 和 Windows 的更新版本中，此服务不提供任何功能，但可用于应用程序兼容性。
     Microsoft Corporation
     10.0.18362.1
     c:\windows\system32\locator.exe
     2029/10/6 11:23
   RpcSs
     %SystemRoot%\system32\svchost.exe -k rpcss -p
     Remote Procedure Call (RPC): RPCSS 服务是 COM 和 DCOM 服务器的服务控制管理器。它执行 COM 和 DCOM 服务器的对象激活请求、对象导出程序解析和分布式垃圾回收。如果此服务被停用或禁用，则使用 COM 或 DCOM 的程序将无法正常工作。强烈建议你运行 RPCSS 服务。
     Microsoft Corporation
     10.0.18362.449
     c:\windows\system32\rpcss.dll
     2022/12/10 11:01
   SamSs
     %SystemRoot%\system32\lsass.exe
     Security Accounts Manager: 启动此服务将向其他服务发出信号: 安全帐户管理器(SAM)已准备就绪，可以接受请求。禁用此服务将导致在 SAM 准备就绪时，无法通知系统中的其他服务，从而可能导致这些服务无法正确启动。不应禁用此服务。
     Microsoft Corporation
     10.0.18362.1
     c:\windows\system32\lsass.exe
     1947/7/4 6:51
   SCardSvr
     %SystemRoot%\system32\svchost.exe -k LocalServiceAndNoImpersonation
     Smart Card: 管理此计算机对智能卡的取读访问。如果此服务被终止，此计算机将无法取读智能卡。如果此服务被禁用，任何依赖它的服务将无法启动。
     Microsoft Corporation
     10.0.18362.1
     c:\windows\system32\scardsvr.dll
     1967/4/24 22:28
   ScDeviceEnum
     %SystemRoot%\system32\svchost.exe -k LocalSystemNetworkRestricted
     Smart Card Device Enumeration Service: 为给定会话可访问的所有智能卡读卡器创建软件设备节点。如果已禁用此服务，则 WinRT API 将无法枚举智能卡读卡器。
     Microsoft Corporation
     10.0.18362.1
     c:\windows\system32\scdeviceenum.dll
     2030/9/9 1:33
   Schedule
     %systemroot%\system32\svchost.exe -k netsvcs -p
     Task Scheduler: 使用户可以在此计算机上配置和计划自动任务。此服务还托管多个 Windows 系统关键任务。如果此服务被停止或禁用，这些任务将无法在计划的时间运行。如果此服务被禁用，则明确依赖它的所有服务将无法启动。
     Microsoft Corporation
     10.0.18362.387
     c:\windows\system32\schedsvc.dll
     2008/6/3 19:18
   SCPolicySvc
     %SystemRoot%\system32\svchost.exe -k netsvcs
     Smart Card Removal Policy: 允许系统配置为移除智能卡时锁定用户桌面
     Microsoft Corporation
     10.0.18362.1
     c:\windows\system32\certprop.dll
     1981/3/4 21:47
   SDRSVC
     %SystemRoot%\system32\svchost.exe -k SDRSVC
     Windows 备份: 提供 Windows 备份和还原功能。
     Microsoft Corporation
     10.0.18362.1
     c:\windows\system32\sdrsvc.dll
     1937/1/16 10:14
   seclogon
     %windir%\system32\svchost.exe -k netsvcs -p
     Secondary Logon: 在不同凭据下启用启动过程。如果此服务被停止，这种类型的登录访问将不可用。如果此服务被禁用，任何明确依赖它的服务都将不能启动。
     Microsoft Corporation
     10.0.18362.1
     c:\windows\system32\seclogon.dll
     1970/10/19 13:44
   SecurityHealthService
     %SystemRoot%\system32\SecurityHealthService.exe
     Windows 安全中心服务: Windows 安全中心服务处理统一的设备保护和运行状况信息
     Microsoft Corporation
     4.18.1901.16384
     c:\windows\system32\securityhealthservice.exe
     1952/7/28 18:06
   SEMgrSvc
     %SystemRoot%\system32\svchost.exe -k LocalService -p
     付款和 NFC/SE 管理器: 管理付款和基于近场通信(NFC)的安全元件。
     Microsoft Corporation
     10.0.18362.1
     c:\windows\system32\semgrsvc.dll
     1968/8/12 16:27
   SENS
     %SystemRoot%\system32\svchost.exe -k netsvcs -p
     System Event Notification Service: 监视系统事件并通知订户这些事件的 COM+ 事件系统。
     Microsoft Corporation
     10.0.18362.1
     c:\windows\system32\sens.dll
     1904/9/2 8:13
   Sense
     "%ProgramFiles%\Windows Defender Advanced Threat Protection\MsSense.exe"
     Windows Defender Advanced Threat Protection Service: Windows Defender 高级威胁防护服务通过监视和报告计算机上发生的安全事件来防范高级威胁。
     Microsoft Corporation
     10.6930.18362.329
     c:\program files\windows defender advanced threat protection\mssense.exe
     1950/10/3 9:25
   SensorDataService
     %SystemRoot%\System32\SensorDataService.exe
     Sensor Data Service: 从各种传感器传送数据
     Microsoft Corporation
     10.0.18362.1
     c:\windows\system32\sensordataservice.exe
     1942/8/7 16:25
   SensorService
     %SystemRoot%\system32\svchost.exe -k LocalSystemNetworkRestricted -p
     Sensor Service: 一项用于管理各种传感器的功能的传感器服务。管理传感器的简单设备方向(SDO)和历史记录。加载对设备方向变化进行报告的 SDO 传感器。如果停止或禁用了此服务，则将不会加载 SDO 传感器，因此不会发生自动旋转。来自传感器的历史记录收集也将停止。
     Microsoft Corporation
     10.0.18362.1
     c:\windows\system32\sensorservice.dll
     1950/12/14 15:08
   SensrSvc
     %SystemRoot%\system32\svchost.exe -k LocalServiceAndNoImpersonation -p
     Sensor Monitoring Service: 监视各种传感器，以公开数据和适应系统和用户状态。如果此服务停止或禁用，显示器亮度将不根据照明条件进行调节。停止此服务还可能会影响其他系统功能和特性。
     Microsoft Corporation
     10.0.18362.1
     c:\windows\system32\sensrsvc.dll
     1966/2/15 3:36
   SessionEnv
     %SystemRoot%\System32\svchost.exe -k netsvcs -p
     Remote Desktop Configuration: 远程桌面配置服务(RDCS)负责需要 SYSTEM 上下文的所有远程桌面服务和远程桌面相关的配置和会话维护活动。这些包括每会话临时文件夹、RD 主题和 RD 证书。
     Microsoft Corporation
     10.0.18362.387
     c:\windows\system32\sessenv.dll
     1961/3/18 7:45
   SgrmBroker
     %SystemRoot%\system32\SgrmBroker.exe
     System Guard 运行时监视器代理: 监视并证明 Windows 平台的完整性。
     Microsoft Corporation
     10.0.18362.1
     c:\windows\system32\sgrmbroker.exe
     2017/3/29 16:40
   SharedAccess
     %SystemRoot%\System32\svchost.exe -k netsvcs -p
     Internet Connection Sharing (ICS): 为家庭和小型办公网络提供网络地址转换、寻址、名称解析和/或入侵保护服务。
     Microsoft Corporation
     10.0.18362.1
     c:\windows\system32\ipnathlp.dll
     2037/12/13 0:20
   SharedRealitySvc
     %SystemRoot%\system32\svchost.exe -k LocalService -p
     空间数据服务: 此服务用于空间感知方案
     Microsoft Corporation
     10.0.18362.239
     c:\windows\system32\sharedrealitysvc.dll
     1930/8/19 8:55
   ShellHWDetection
     %SystemRoot%\System32\svchost.exe -k netsvcs -p
     Shell Hardware Detection: 为自动播放硬件事件提供通知。
     Microsoft Corporation
     10.0.18362.1
     c:\windows\system32\shsvcs.dll
     1909/6/9 6:37
   smphost
     %SystemRoot%\System32\svchost.exe -k smphost
     Microsoft Storage Spaces SMP: Microsoft 存储空间管理提供程序的主机服务。如果阻止或禁用这项服务，则无法管理存储空间。
     Microsoft Corporation
     10.0.18362.1
     c:\windows\system32\smphost.dll
     1915/12/23 5:06
   SmsRouter
     %SystemRoot%\system32\svchost.exe -k LocalServiceNetworkRestricted -p
     Microsoft Windows SMS 路由器服务。: 根据规则将消息路由到相应客户端。
     Microsoft Corporation
     10.0.18362.387
     c:\windows\system32\smsroutersvc.dll
     1956/9/18 20:16
   SNMPTRAP
     %SystemRoot%\System32\snmptrap.exe
     SNMP 陷阱: 接收本地或远程简单网络管理协议 (SNMP) 代理程序生成的陷阱消息并将消息转发到此计算机上运行的 SNMP 管理程序。如果此服务被停用，此计算机上基于 SNMP 的程序将不会接收 SNMP trap 消息。如果此服务被禁用，任何依赖它的服务将无法启动。
     Microsoft Corporation
     10.0.18362.1
     c:\windows\system32\snmptrap.exe
     1966/2/25 0:50
   spectrum
     %systemroot%\system32\spectrum.exe
     Windows 感知服务: 启用空间感知、空间输入和全息绘制。
     Microsoft Corporation
     10.0.18362.239
     c:\windows\system32\spectrum.exe
     2026/9/7 5:52
   Spooler
     %SystemRoot%\System32\spoolsv.exe
     Print Spooler: 该服务在后台执行打印作业并处理与打印机的交互。如果关闭该服务，则无法进行打印或查看打印机。
     Microsoft Corporation
     10.0.18362.476
     c:\windows\system32\spoolsv.exe
     1976/8/6 20:51
   sppsvc
     %SystemRoot%\system32\sppsvc.exe
     Software Protection: 启用 Windows 和 Windows 应用程序的数字许可证的下载、安装和实施。如果禁用该服务，操作系统和许可的应用程序可能以通知模式运行。强烈建议你不要禁用软件保护服务。
     Microsoft Corporation
     10.0.18362.418
     c:\windows\system32\sppsvc.exe
     1946/2/7 2:57
   SSDPSRV
     %SystemRoot%\system32\svchost.exe -k LocalServiceAndNoImpersonation -p
     SSDP Discovery: 当发现了使用 SSDP 协议的网络设备和服务，如 UPnP 设备，同时还报告了运行在本地计算机上使用的 SSDP 设备和服务。如果停止此服务，基于 SSDP 的设备将不会被发现。如果禁用此服务，任何依赖此服务的服务都无法正常启动。
     Microsoft Corporation
     10.0.18362.295
     c:\windows\system32\ssdpsrv.dll
     1978/2/19 12:52
   SstpSvc
     %SystemRoot%\system32\svchost.exe -k LocalService -p
     Secure Socket Tunneling Protocol Service: 提供使用 VPN 连接到远程计算机的安全套接字隧道协议(SSTP)的支持。如果该服务被禁用，则用户将无法使用 SSTP 访问远程服务器。
     Microsoft Corporation
     10.0.18362.1
     c:\windows\system32\sstpsvc.dll
     1927/7/22 11:29
   StateRepository
     %SystemRoot%\system32\svchost.exe -k appmodel -p
     State Repository Service: 为应用程序模型提供所需的基础结构支持。
     Microsoft Corporation
     10.0.18362.1
     c:\windows\system32\windows.staterepository.dll
     1940/11/26 22:44
   stisvc
     %SystemRoot%\system32\svchost.exe -k imgsvc
     Windows Image Acquisition (WIA): 为扫描仪和照相机提供图像采集服务
     Microsoft Corporation
     10.0.18362.1
     c:\windows\system32\wiaservc.dll
     2001/4/25 15:49
   StorSvc
     %SystemRoot%\System32\svchost.exe -k LocalSystemNetworkRestricted -p
     Storage Service: 为存储设置和外部存储扩展提供启用服务
     Microsoft Corporation
     10.0.18362.476
     c:\windows\system32\storsvc.dll
     1974/7/7 16:56
   svsvc
     %SystemRoot%\system32\svchost.exe -k LocalSystemNetworkRestricted -p
     Spot Verifier: 验证潜在的文件系统损坏。
     Microsoft Corporation
     10.0.18362.1
     c:\windows\system32\svsvc.dll
     1988/12/23 19:29
   swprv
     %SystemRoot%\System32\svchost.exe -k swprv
     Microsoft Software Shadow Copy Provider: 管理卷影复制服务制作的基于软件的卷影副本。如果该服务被停止，将无法管理基于软件的卷影副本。如果该服务被禁用，任何依赖它的服务将无法启动。
     Microsoft Corporation
     10.0.18362.1
     c:\windows\system32\swprv.dll
     1926/8/4 8:29
   SysMain
     %systemroot%\system32\svchost.exe -k LocalSystemNetworkRestricted -p
     SysMain: 维护和提高一段时间内的系统性能。
     Microsoft Corporation
     10.0.18362.267
     c:\windows\system32\sysmain.dll
     1960/11/19 3:59
   SystemEventsBroker
     %SystemRoot%\system32\svchost.exe -k DcomLaunch -p
     System Events Broker: 协调执行 WinRT 应用程序的后台作业。如果停止或禁用此服务，则可能不会触发后台作业。
     Microsoft Corporation
     10.0.18362.387
     c:\windows\system32\systemeventsbrokerserver.dll
     1982/10/12 3:38
   TabletInputService
     %SystemRoot%\System32\svchost.exe -k LocalSystemNetworkRestricted -p
     Touch Keyboard and Handwriting Panel Service: 启用触摸键盘和手写面板笔和墨迹功能
     Microsoft Corporation
     10.0.18362.1
     c:\windows\system32\tabsvc.dll
     2004/1/17 21:43
   TapiSrv
     %SystemRoot%\System32\svchost.exe -k NetworkService -p
     Telephony: 提供电话服务 API (TAPI)支持，以便各程序控制本地计算机上的电话服务设备以及通过 LAN 同样运行该服务的服务器上的设备。
     Microsoft Corporation
     10.0.18362.1
     c:\windows\system32\tapisrv.dll
     1974/3/13 16:59
   TermService
     %SystemRoot%\System32\svchost.exe -k NetworkService
     Remote Desktop Services: 允许用户以交互方式连接到远程计算机。远程桌面和远程桌面会话主机服务器依赖此服务。若要防止远程使用此计算机，请清除“系统”属性控制面板项目的“远程”选项卡上的复选框。
     Microsoft Corporation
     10.0.18362.267
     c:\windows\system32\termsrv.dll
     2023/4/28 22:18
   Themes
     %SystemRoot%\System32\svchost.exe -k netsvcs -p
     Themes: 为用户提供使用主题管理的体验。
     Microsoft Corporation
     10.0.18362.1
     c:\windows\system32\themeservice.dll
     2000/11/28 8:56
   TieringEngineService
     %SystemRoot%\system32\TieringEngineService.exe
     Storage Tiers Management: 优化系统中所有分层存储空间的存储层中的数据放置。
     Microsoft Corporation
     10.0.18362.1
     c:\windows\system32\tieringengineservice.exe
     2034/7/6 0:35
   TimeBrokerSvc
     %SystemRoot%\system32\svchost.exe -k LocalServiceNetworkRestricted -p
     Time Broker: 协调执行 WinRT 应用程序的后台作业。如果停止或禁用此服务，则可能不会触发后台作业。
     Microsoft Corporation
     10.0.18362.1
     c:\windows\system32\timebrokerserver.dll
     1934/7/17 0:54
   TokenBroker
     %SystemRoot%\system32\svchost.exe -k netsvcs -p
     Web 帐户管理器: Web 帐户管理器利用此服务实现应用和服务的单一登录。
     Microsoft Corporation
     10.0.18362.267
     c:\windows\system32\tokenbroker.dll
     2020/5/29 14:11
   TrkWks
     %SystemRoot%\System32\trkwks.dll
     Distributed Link Tracking Client: 维护某个计算机内或某个网络中的计算机的 NTFS 文件之间的链接。
     Microsoft Corporation
     10.0.18362.1
     c:\windows\system32\trkwks.dll
     2028/12/6 8:29
   TroubleshootingSvc
     %systemroot%\system32\svchost.exe -k netsvcs -p
     建议疑难解答服务: 通过应用建议疑难解答启用针对已知问题的自动缓解。如果停止，你的设备将不会获得针对设备上问题的建议疑难解答。
     Microsoft Corporation
     10.0.18362.1
     c:\windows\system32\mitigationclient.dll
     1965/8/3 2:20
   TrustedInstaller
     %SystemRoot%\servicing\TrustedInstaller.exe
     Windows Modules Installer: 启用 Windows 更新和可选组件的安装、修改和移除。如果此服务被禁用，则此计算机的 Windows 更新的安装或卸载可能会失败。
     Microsoft Corporation
     10.0.18362.1
     c:\windows\servicing\trustedinstaller.exe
     1945/9/3 20:16
   UmRdpService
     %SystemRoot%\System32\svchost.exe -k LocalSystemNetworkRestricted -p
     Remote Desktop Services UserMode Port Redirector: 允许为 RDP 连接重定向打印机/驱动程序/端口
     Microsoft Corporation
     10.0.18362.1
     c:\windows\system32\umrdp.dll
     1967/3/6 16:19
   UnistoreSvc
     %SystemRoot%\System32\svchost.exe -k UnistackSvcGroup
     User Data Storage: 处理结构化用户数据(包括联系人信息、日历、消息和其他内容)的存储。如果停止或禁用此服务，使用此数据的应用可能无法正常工作。
     Microsoft Corporation
     10.0.18362.356
     c:\windows\system32\unistore.dll
     1965/4/22 6:55
   UnistoreSvc_c3c14c
     C:\Windows\System32\svchost.exe -k UnistackSvcGroup
     User Data Storage_c3c14c: 处理结构化用户数据(包括联系人信息、日历、消息和其他内容)的存储。如果停止或禁用此服务，使用此数据的应用可能无法正常工作。
     Microsoft Corporation
     10.0.18362.1
     c:\windows\system32\svchost.exe
     1997/1/11 6:26
   upnphost
     %SystemRoot%\system32\svchost.exe -k LocalServiceAndNoImpersonation -p
     UPnP Device Host: 允许 UPnP 设备宿主在此计算机上。如果停止此服务，则所有宿主的 UPnP 设备都将停止工作，并且不能添加其他宿主设备。如果禁用此服务，则任何显式依赖于它的服务将都无法启动。
     Microsoft Corporation
     10.0.18362.476
     c:\windows\system32\upnphost.dll
     1992/12/23 9:11
   UserDataSvc
     %SystemRoot%\system32\svchost.exe -k UnistackSvcGroup
     User Data Access: 提供对结构化用户数据(包括联系人信息、日历、消息和其他内容)的应用访问。如果停止或禁用此服务，使用此数据的应用可能无法正常工作。
     Microsoft Corporation
     10.0.18362.1
     c:\windows\system32\userdataservice.dll
     1936/4/12 7:12
   UserDataSvc_c3c14c
     C:\Windows\system32\svchost.exe -k UnistackSvcGroup
     User Data Access_c3c14c: 提供对结构化用户数据(包括联系人信息、日历、消息和其他内容)的应用访问。如果停止或禁用此服务，使用此数据的应用可能无法正常工作。
     Microsoft Corporation
     10.0.18362.1
     c:\windows\system32\svchost.exe
     1997/1/11 6:26
   UserManager
     %SystemRoot%\system32\svchost.exe -k netsvcs -p
     User Manager: 用户管理器提供多用户交互所需要的运行时组件。如果停止此服务，某些应用程序可能无法正确运行。
     Microsoft Corporation
     10.0.18362.1
     c:\windows\system32\usermgr.dll
     1976/4/10 20:30
   UsoSvc
     %systemroot%\system32\svchost.exe -k netsvcs -p
     更新 Orchestrator 服务: 管理 Windows 更新。如果已停止，你的设备将无法下载和安装最新更新。
     Microsoft Corporation
     10.0.18362.449
     c:\windows\system32\usosvc.dll
     1987/1/30 13:48
   VacSvc
     %SystemRoot%\System32\svchost.exe -k LocalServiceNetworkRestricted -p
     立体音频组合器服务: 用于混合现实音频仿真的主机空间分析。
     Microsoft Corporation
     10.0.18362.1
     c:\windows\system32\vac.dll
     1940/1/5 23:41
   VaultSvc
     %SystemRoot%\system32\lsass.exe
     Credential Manager: 为用户、应用程序和安全服务包提供凭据的安全存储和检索。
     Microsoft Corporation
     10.0.18362.1
     c:\windows\system32\lsass.exe
     1947/7/4 6:51
   vds
     %SystemRoot%\System32\vds.exe
     Virtual Disk: 提供用于磁盘、卷、文件系统和存储阵列的管理服务。
     Microsoft Corporation
     10.0.18362.267
     c:\windows\system32\vds.exe
     2011/1/18 3:53
   vmicguestinterface
     %systemroot%\system32\svchost.exe -k LocalSystemNetworkRestricted -p
     Hyper-V Guest Service Interface: 为 Hyper-V 主机提供一个接口，以便与虚拟机内运行的特定服务进行交互。
     Microsoft Corporation
     10.0.18362.1
     c:\windows\system32\icsvc.dll
     2016/5/7 21:17
   vmicheartbeat
     %systemroot%\system32\svchost.exe -k ICService -p
     Hyper-V Heartbeat Service: 通过定期报告检测信号来监视此虚拟机的状态。此服务有助于你识别哪些运行的虚拟机已停止响应。
     Microsoft Corporation
     10.0.18362.1
     c:\windows\system32\icsvc.dll
     2016/5/7 21:17
   vmickvpexchange
     %systemroot%\system32\svchost.exe -k LocalSystemNetworkRestricted -p
     Hyper-V Data Exchange Service: 提供一种机制，用于在虚拟机和运行在物理计算机上的操作系统之间交换数据。
     Microsoft Corporation
     10.0.18362.1
     c:\windows\system32\icsvc.dll
     2016/5/7 21:17
   vmicrdv
     %systemroot%\system32\svchost.exe -k ICService -p
     Hyper-V 远程桌面虚拟化服务: 提供一个平台以在虚拟机和物理计算机上运行的操作系统之间进行通信。
     Microsoft Corporation
     10.0.18362.1
     c:\windows\system32\icsvcext.dll
     2000/1/10 21:52
   vmicshutdown
     %systemroot%\system32\svchost.exe -k LocalSystemNetworkRestricted -p
     Hyper-V Guest Shutdown Service: 提供一种机制，用于从物理计算机上的管理界面关闭此虚拟机的操作系统。
     Microsoft Corporation
     10.0.18362.1
     c:\windows\system32\icsvc.dll
     2016/5/7 21:17
   vmictimesync
     %systemroot%\system32\svchost.exe -k LocalServiceNetworkRestricted -p
     Hyper-V Time Synchronization Service: 将此虚拟机的系统时间与物理计算机的系统时间同步。
     Microsoft Corporation
     10.0.18362.1
     c:\windows\system32\icsvc.dll
     2016/5/7 21:17
   vmicvmsession
     %systemroot%\system32\svchost.exe -k LocalSystemNetworkRestricted -p
     Hyper-V PowerShell Direct Service: 提供了一种在不使用虚拟网络的情况下，通过 VM 会话使用 PowerShell 管理虚拟机的机制。
     Microsoft Corporation
     10.0.18362.1
     c:\windows\system32\icsvc.dll
     2016/5/7 21:17
   vmicvss
     %systemroot%\system32\svchost.exe -k LocalSystemNetworkRestricted -p
     Hyper-V 卷影复制请求程序: 协调使用卷影复制服务所需的通讯，以从物理计算机上的操作系统备份此虚拟机上的应用程序和数据。
     Microsoft Corporation
     10.0.18362.1
     c:\windows\system32\icsvcext.dll
     2000/1/10 21:52
   VSS
     %systemroot%\system32\vssvc.exe
     Volume Shadow Copy: 管理并执行用于备份和其它用途的卷影复制。如果此服务被终止，备份将没有卷影复制，并且备份会失败。如果此服务被禁用，任何依赖它的服务将无法启动。
     Microsoft Corporation
     10.0.18362.1
     c:\windows\system32\vssvc.exe
     2028/5/9 18:50
   W32Time
     %SystemRoot%\system32\svchost.exe -k LocalService
     Windows Time: 维护在网络上的所有客户端和服务器的时间和日期同步。如果此服务被停止，时间和日期的同步将不可用。如果此服务被禁用，任何明确依赖它的服务都将不能启动。
     Microsoft Corporation
     10.0.18362.1
     c:\windows\system32\w32time.dll
     1975/9/25 18:00
   WaaSMedicSvc
     %systemroot%\system32\svchost.exe -k wusvcs -p
     Windows Update Medic Service: Enables remediation and protection of Windows Update components.
     Microsoft Corporation
     10.0.18362.418
     c:\windows\system32\waasmedicsvc.dll
     1988/1/4 17:33
   WalletService
     %SystemRoot%\System32\svchost.exe -k appmodel -p
     WalletService: 电子钱包客户端使用的主机对象
     Microsoft Corporation
     10.0.18362.1
     c:\windows\system32\walletservice.dll
     1944/8/6 21:56
   WarpJITSvc
     %SystemRoot%\System32\svchost.exe -k LocalServiceNetworkRestricted
     WarpJITSvc: Provides a JIT out of process service for WARP when running with ACG enabled.
     Microsoft Corporation
     10.0.18362.1
     c:\windows\system32\windows.warp.jitservice.dll
     1968/5/8 22:03
   wbengine
     "%systemroot%\system32\wbengine.exe"
     Block Level Backup Engine Service: Windows 备份使用 WBENGINE 服务执行备份和恢复操作。如果用户停止了此服务，这可能会导致当前运行的备份或恢复操作失败。使用此计算机上的 Windows 备份禁用此服务可能会禁用备份和恢复操作。
     Microsoft Corporation
     10.0.18362.1
     c:\windows\system32\wbengine.exe
     1954/11/30 9:11
   WbioSrvc
     %SystemRoot%\system32\svchost.exe -k WbioSvcGroup
     Windows Biometric Service: Windows 生物识别服务使客户端应用程序能够捕获、比较、操纵和存储生物特征数据，而无需直接访问任何生物识别硬件或示例。该服务宿主在某个特权 SVCHOST 进程中。
     Microsoft Corporation
     10.0.18362.1
     c:\windows\system32\wbiosrvc.dll
     1927/8/16 13:17
   Wcmsvc
     %SystemRoot%\system32\svchost.exe -k LocalServiceNetworkRestricted -p
     Windows Connection Manager: 根据电脑当前可用的网络连接选项做出自动连接/断开连接决策，并根据“组策略”设置启用网络连接管理。
     Microsoft Corporation
     10.0.18362.387
     c:\windows\system32\wcmsvc.dll
     2014/1/22 22:23
   wcncsvc
     %SystemRoot%\System32\svchost.exe -k LocalServiceAndNoImpersonation -p
     Windows Connect Now - Config Registrar: WCNCSVC 承载 Windows 立即连接配置，该配置是 Microsoft 执行的无线保护设置(WPS)协议。该配置用于配置接入点(AP)或无线设备的无线 LAN 设置。该服务根据需要有计划地启动。
     Microsoft Corporation
     10.0.18362.1
     c:\windows\system32\wcncsvc.dll
     1930/11/5 3:02
   WdiServiceHost
     %SystemRoot%\System32\svchost.exe -k LocalService -p
     Diagnostic Service Host: 诊断服务主机被诊断策略服务用来承载需要在本地服务上下文中运行的诊断。如果停止该服务，则依赖于该服务的任何诊断将不再运行。
     Microsoft Corporation
     10.0.18362.1
     c:\windows\system32\wdi.dll
     1940/5/29 21:41
   WdiSystemHost
     %SystemRoot%\System32\svchost.exe -k LocalSystemNetworkRestricted -p
     Diagnostic System Host: 诊断系统主机被诊断策略服务用来承载需要在本地系统上下文中运行的诊断。如果停止该服务，则依赖于该服务的任何诊断将不再运行。
     Microsoft Corporation
     10.0.18362.1
     c:\windows\system32\wdi.dll
     1940/5/29 21:41
   WdNisSvc
     "%ProgramData%\Microsoft\Windows Defender\platform\4.18.1911.3-0\NisSrv.exe"
     Windows Defender Antivirus Network Inspection Service: 帮助防止针对网络协议中的已知和新发现的漏洞发起的入侵企图
     Microsoft Corporation
     4.18.1911.3
     c:\programdata\microsoft\windows defender\platform\4.18.1911.3-0\nissrv.exe
     2015/3/1 10:30
   WebClient
     %SystemRoot%\system32\svchost.exe -k LocalService -p
     WebClient: 使基于 Windows 的程序能创建、访问和修改基于 Internet 的文件。如果此服务被停止，这些功能将不可用。如果此服务被禁用，则明确依赖该服务的任何服务都将无法启动。
     Microsoft Corporation
     10.0.18362.1
     c:\windows\system32\webclnt.dll
     1977/11/11 7:54
   Wecsvc
     %SystemRoot%\system32\svchost.exe -k NetworkService -p
     Windows Event Collector: 此服务将管理对支持 WS-Management 协议的远程源中事件的永久订阅。这包括 Windows Vista 事件日志、硬件以及启用 IPMI 的事件源。该服务将转发的事件存储在本地活动日志中。如果停止或禁用此服务，将无法创建事件订阅，并且无法接受转发的事件。
     Microsoft Corporation
     10.0.18362.1
     c:\windows\system32\wecsvc.dll
     2014/8/12 0:34
   WEPHOSTSVC
     %systemroot%\system32\svchost.exe -k WepHostSvcGroup
     Windows Encryption Provider Host Service: Windows Encryption Provider 主机服务代理加密相关功能 - 从第三方加密提供程序到需要评估和应用 EAS 策略的进程。停止此服务将损害连接的邮件帐户已经建立的合规检查
     Microsoft Corporation
     10.0.18362.1
     c:\windows\system32\wephostsvc.dll
     2025/2/6 2:37
   wercplsupport
     %SystemRoot%\System32\svchost.exe -k netsvcs -p
     Problem Reports and Solutions Control Panel Support: 此服务为查看、发送和删除“问题报告和解决方案”控制面板的系统级问题报告提供支持。
     Microsoft Corporation
     10.0.18362.476
     c:\windows\system32\wercplsupport.dll
     2026/12/6 21:40
   WerSvc
     %SystemRoot%\System32\svchost.exe -k WerSvcGroup
     Windows Error Reporting Service: 允许在程序停止运行或停止响应时报告错误，并允许提供现有解决方案。还允许为诊断和修复服务生成日志。如果此服务被停止，则错误报告将无法正确运行，而且可能不显示诊断服务和修复的结果。
     Microsoft Corporation
     10.0.18362.476
     c:\windows\system32\wersvc.dll
     2029/6/6 10:46
   WFDSConMgrSvc
     %SystemRoot%\system32\svchost.exe -k LocalServiceNetworkRestricted -p
     WLAN Direct 服务连接管理器服务: 管理与无线服务(包括无线显示和插接)的连接。
     Microsoft Corporation
     10.0.18362.1
     c:\windows\system32\wfdsconmgrsvc.dll
     1963/1/20 5:08
   WiaRpc
     %SystemRoot%\system32\svchost.exe -k LocalSystemNetworkRestricted -p
     Still Image Acquisition Events: 启动与静态映像获取事件关联的应用程序。
     Microsoft Corporation
     10.0.18362.1
     c:\windows\system32\wiarpc.dll
     1993/2/21 15:36
   WinDefend
     "C:\ProgramData\Microsoft\Windows Defender\platform\4.18.1911.3-0\MsMpEng.exe"
     Windows Defender Antivirus Service: 帮助用户防止恶意软件及其他潜在的垃圾软件。
     Microsoft Corporation
     4.18.1911.3
     c:\programdata\microsoft\windows defender\platform\4.18.1911.3-0\msmpeng.exe
     1993/9/19 3:16
   WinHttpAutoProxySvc
     %SystemRoot%\system32\svchost.exe -k LocalServiceNetworkRestricted -p
     WinHTTP Web Proxy Auto-Discovery Service: WinHTTP 实现了客户端 HTTP 堆栈并向开发人员提供 Win32 API 和 COM 自动化组件以供发送 HTTP 请求和接收响应。此外，通过执行 Web 代理自动发现(WPAD)协议，WinHTTP 还提供对自动发现代理服务器配置的支持。
     Microsoft Corporation
     10.0.18362.449
     c:\windows\system32\winhttp.dll
     2032/2/25 19:49
   Winmgmt
     %systemroot%\system32\svchost.exe -k netsvcs -p
     Windows Management Instrumentation: 提供共同的界面和对象模式以便访问有关操作系统、设备、应用程序和服务的管理信息。如果此服务被终止，多数基于 Windows 的软件将无法正常运行。如果此服务被禁用，任何依赖它的服务将无法启动。
     Microsoft Corporation
     10.0.18362.1
     c:\windows\system32\wbem\wmisvc.dll
     1991/7/1 18:04
   WinRM
     %SystemRoot%\System32\svchost.exe -k NetworkService -p
     Windows Remote Management (WS-Management): Windows 远程管理(WinRM)服务执行 WS-Management 协议来实现远程管理。WS-Management 是用于远程软件和硬件管理的标准 Web 服务协议。WinRM 服务侦听网络上的 WS-Management 请求并对它们进行处理。通过组策略或使用 winrm.cmd 命令行工具的侦听程序，来配置 WinRM 服务，以使其可通过网络侦听。WinRM 服务提供对 WMI 数据的访问并启用事件集合。事件集合及对事件的订阅需要服务处于运行状态。传输 WinRM 消息时使用 HTTP 和 HTTPS 协议。WinRM 服务不依赖于 IIS ，但在同一计算机上预配置为与 IIS 共享端口。WinRM 服务保留 /wsman URL 前缀。若要防止与 IIS 发生冲突，管理员应确保 IIS 上承载的所有网站均不使用 /wsman URL 前缀。
     Microsoft Corporation
     10.0.18362.1
     c:\windows\system32\wsmsvc.dll
     1967/5/12 22:03
   wisvc
     %systemroot%\system32\svchost.exe -k netsvcs -p
     Windows 预览体验成员服务: 为 Windows 预览体验计划提供基础结构支持。此服务必须保持启用状态，Windows 预览体验计划才能正常运行。
     Microsoft Corporation
     10.0.18362.329
     c:\windows\system32\flightsettings.dll
     1977/6/21 14:32
   WlanSvc
     %SystemRoot%\system32\svchost.exe -k LocalSystemNetworkRestricted -p
     WLAN AutoConfig: WLANSVC 服务提供配置、发现、连接、断开与 IEEE 802.11 标准定义的无线局域网(WLAN)的连接所需的逻辑。它还包含将计算机变成软件访问点的逻辑，以便其他设备或计算机可以使用支持它的 WLAN 适配器无线连接到计算机。停止或禁用 WLANSVC 服务将使得计算机上的所有 WLAN 适配器无法访问 Windows 网络连接 UI。强烈建议: 如果你的计算机具有 WLAN 适配器，则运行 WLANSVC 服务。
     Microsoft Corporation
     10.0.18362.239
     c:\windows\system32\wlansvc.dll
     1954/3/18 16:41
   wlidsvc
     %SystemRoot%\system32\svchost.exe -k netsvcs -p
     Microsoft Account Sign-in Assistant: 支持用户通过 Microsoft 帐户标识服务登录。如果此服务已停止，用户将无法使用其 Microsoft 帐户登录到此计算机。
     Microsoft Corporation
     10.0.18362.1
     c:\windows\system32\wlidsvc.dll
     2016/9/5 13:41
   wlpasvc
     %SystemRoot%\system32\svchost.exe -k LocalServiceNetworkRestricted -p
     本地配置文件助手服务: 此服务为订户标识模块提供配置文件管理
     Microsoft Corporation
     10.0.18362.1
     c:\windows\system32\lpasvc.dll
     1906/10/6 4:19
   WManSvc
     %systemroot%\system32\svchost.exe -k netsvcs -p
     Windows 管理服务: 执行包括预配和注册活动的管理操作
     Microsoft Corporation
     10.0.18362.449
     c:\windows\system32\windows.management.service.dll
     2010/4/28 13:34
   wmiApSrv
     %systemroot%\system32\wbem\WmiApSrv.exe
     WMI Performance Adapter: 向网络上的客户端提供 Windows Management Instrumentation (WMI) 提供程序中的性能库信息。只有在激活了性能数据助手时，才会运行此服务。
     Microsoft Corporation
     10.0.18362.1
     c:\windows\system32\wbem\wmiapsrv.exe
     1928/8/7 14:09
   WMPNetworkSvc
     "%PROGRAMFILES%\Windows Media Player\wmpnetwk.exe"
     Windows Media Player Network Sharing Service: 使用通用即插即用设备与其他网络播放机和媒体设备共享 Windows Media Player 媒体库
     Microsoft Corporation
     12.0.18362.1
     c:\program files\windows media player\wmpnetwk.exe
     2031/8/28 3:43
   workfolderssvc
     %SystemRoot%\System32\svchost.exe -k LocalService -p
     Work Folders: 此服务将与工作文件夹服务器同步文件，从而使你能够使用已设置工作文件夹的任何电脑和设备上的文件。
     Microsoft Corporation
     10.0.18362.267
     c:\windows\system32\workfolderssvc.dll
     1937/1/2 7:57
   WpcMonSvc
     %SystemRoot%\system32\svchost.exe -k LocalService
     家长控制: 对 Windows 中的子帐户强制执行家长控制。如果此服务被停止或禁用，家长控制可能无法强制执行。
     Microsoft Corporation
     10.0.18362.449
     c:\windows\system32\wpcdesktopmonsvc.dll
     2019/7/25 23:28
   WPDBusEnum
     %SystemRoot%\system32\svchost.exe -k LocalSystemNetworkRestricted
     Portable Device Enumerator Service: 强制可移动大容量存储设备的组策略。使应用程序(如 Windows Media Player 和图像导入向导)能够使用可移动大容量存储设备传输和同步内容。
     Microsoft Corporation
     10.0.18362.387
     c:\windows\system32\wpdbusenum.dll
     1984/8/24 13:59
   WpnService
     %systemroot%\system32\svchost.exe -k netsvcs -p
     Windows 推送通知系统服务: 此服务在会话 0 中运行，并托管通知平台和连接提供程序(用于处理设备与 WNS 服务器之间的连接)。
     Microsoft Corporation
     10.0.18362.387
     c:\windows\system32\wpnservice.dll
     1960/6/22 20:16
   WpnUserService
     %SystemRoot%\system32\svchost.exe -k UnistackSvcGroup
     Windows Push Notifications User Service: 此服务托管为本地通知和推送通知提供支持的 Windows 通知平台。支持的通知为磁贴、Toast 和 Raw。
     Microsoft Corporation
     10.0.18362.1
     c:\windows\system32\wpnuserservice.dll
     1958/5/7 10:58
   WpnUserService_c3c14c
     C:\Windows\system32\svchost.exe -k UnistackSvcGroup
     Windows Push Notifications User Service_c3c14c: 此服务托管为本地通知和推送通知提供支持的 Windows 通知平台。支持的通知为磁贴、Toast 和 Raw。
     Microsoft Corporation
     10.0.18362.1
     c:\windows\system32\svchost.exe
     1997/1/11 6:26
   wscsvc
     %SystemRoot%\System32\svchost.exe -k LocalServiceNetworkRestricted -p
     Security Center: WSCSVC(Windows 安全中心)服务监视并报告计算机上的安全健康设置。健康设置包括防火墙(打开/关闭)、防病毒(打开/关闭/过期)、反间谍软件(打开/关闭/过期)、Windows 更新(自动/手动下载并安装更新)、用户帐户控制(打开/关闭)以及 Internet 设置(推荐/不推荐)。该服务为独立软件供应商提供 COM API 以便向安全中心服务注册并记录其产品的状态。安全和维护 UI 使用该服务在“安全和维护”控制面板中提供 systray 警报和安全健康状况的图形视图。网络访问保护(NAP)使用该服务向 NAP 网络策略服务器报告客户端的安全健康状况，以便进行网络隔离决策。该服务还提供一个公共 API，以允许外部客户以编程方式检索系统的聚合安全健康状况。
     Microsoft Corporation
     10.0.18362.449
     c:\windows\system32\wscsvc.dll
     1944/7/4 7:31
   WSearch
     %systemroot%\system32\SearchIndexer.exe /Embedding
     Windows Search: 为文件、电子邮件和其他内容提供内容索引、属性缓存和搜索结果。
     Microsoft Corporation
     7.0.18362.449
     c:\windows\system32\searchindexer.exe
     1913/1/22 2:57
   wuauserv
     %systemroot%\system32\svchost.exe -k netsvcs -p
     Windows Update: 启用检测、下载和安装 Windows 和其他程序的更新。如果此服务被禁用，这台计算机的用户将无法使用 Windows 更新或其自动更新功能， 并且这些程序将无法使用 Windows 更新代理(WUA) API。
     Microsoft Corporation
     10.0.18362.449
     c:\windows\system32\wuaueng.dll
     2020/3/6 1:13
   WwanSvc
     %SystemRoot%\system32\svchost.exe -k LocalSystemNetworkRestricted -p
     WWAN AutoConfig: 该服务管理移动宽带(GSM 和 CDMA)数据卡/嵌入式模块适配器和自动配置网络的连接。强烈建议: 保持运行此服务，以便获取移动宽带设备的最佳用户体验。
     Microsoft Corporation
     10.0.18362.207
     c:\windows\system32\wwansvc.dll
     2018/3/30 19:11
   XblAuthManager
     %SystemRoot%\system32\svchost.exe -k netsvcs -p
     Xbox Live 身份验证管理器: 提供用于与 Xbox Live 进行交互的身份验证和授权服务，如果此服务被停止，可能会造成某些应用程序无法正确操作。
     Microsoft Corporation
     10.0.18362.1
     c:\windows\system32\xblauthmanager.dll
     2011/11/17 11:03
   XblGameSave
     %SystemRoot%\system32\svchost.exe -k netsvcs -p
     Xbox Live 游戏保存: 此服务为 Xbox Live 可保存游戏同步保存数据。如果此服务被停止，游戏保存数据将不会上传至 Xbox Live 或从 Xbox Live 下载。
     Microsoft Corporation
     10.0.18362.1
     c:\windows\system32\xblgamesave.dll
     1977/8/24 18:08
   XboxGipSvc
     %SystemRoot%\system32\svchost.exe -k netsvcs -p
     Xbox Accessory Management Service: This service manages connected Xbox Accessories.
     Microsoft Corporation
     10.0.18362.1
     c:\windows\system32\xboxgipsvc.dll
     2007/1/3 23:50
   XboxNetApiSvc
     %SystemRoot%\system32\svchost.exe -k netsvcs -p
     Xbox Live 网络服务: 此服务支持 Windows.Networking.XboxLive 应用程序编程接口。
     Microsoft Corporation
     10.0.18362.1
     c:\windows\system32\xboxnetapisvc.dll
     2002/5/30 4:01

HKLM\System\CurrentControlSet\Services
   1394ohci
     \SystemRoot\System32\drivers\1394ohci.sys
     1394 OHCI Compliant Host Controller: 1394 OpenHCI Driver
     Microsoft Corporation
     10.0.18362.1
     c:\windows\system32\drivers\1394ohci.sys
     1990/3/13 8:46
   3ware
     System32\drivers\3ware.sys
     3ware: LSI 3ware SCSI Storport Driver
     LSI
     5.1.0.51
     c:\windows\system32\drivers\3ware.sys
     2015/5/19 6:28
   ACPI
     System32\drivers\ACPI.sys
     Microsoft ACPI Driver: 用于 NT 的 ACPI 驱动程序
     Microsoft Corporation
     10.0.18362.329
     c:\windows\system32\drivers\acpi.sys
     1910/11/4 12:58
   AcpiDev
     \SystemRoot\System32\drivers\AcpiDev.sys
     ACPI 设备驱动程序: ACPI Devices Driver
     Microsoft Corporation
     10.0.18362.1
     c:\windows\system32\drivers\acpidev.sys
     1975/4/13 15:30
   acpiex
     System32\Drivers\acpiex.sys
     Microsoft ACPIEx Driver: ACPIEx Driver
     Microsoft Corporation
     10.0.18362.1
     c:\windows\system32\drivers\acpiex.sys
     1993/3/1 19:04
   acpipagr
     \SystemRoot\System32\drivers\acpipagr.sys
     ACPI 处理器聚合器驱动程序: ACPI Processor Aggregator Device Driver
     Microsoft Corporation
     10.0.18362.1
     c:\windows\system32\drivers\acpipagr.sys
     1902/4/23 3:29
   AcpiPmi
     \SystemRoot\System32\drivers\acpipmi.sys
     ACPI 电源表驱动程序: ACPI Power Metering Driver
     Microsoft Corporation
     10.0.18362.1
     c:\windows\system32\drivers\acpipmi.sys
     2005/6/19 13:27
   acpitime
     \SystemRoot\System32\drivers\acpitime.sys
     ACPI 唤醒警报驱动程序: ACPI Wake Alarm
     Microsoft Corporation
     10.0.18362.1
     c:\windows\system32\drivers\acpitime.sys
     1952/2/14 3:01
   Acx01000
     system32\drivers\Acx01000.sys
     Acx01000: Audio KMDF Class Extension
     Microsoft Corporation
     10.0.18362.1
     c:\windows\system32\drivers\acx01000.sys
     1974/12/3 20:23
   ADP80XX
     System32\drivers\ADP80XX.SYS
     ADP80XX: PMC-Sierra Storport  Driver For SPC8x6G SAS/SATA controller
     PMC-Sierra
     1.3.0.10769
     c:\windows\system32\drivers\adp80xx.sys
     2015/4/10 4:49
   AFD
     \SystemRoot\system32\drivers\afd.sys
     Ancillary Function Driver for Winsock: Ancillary Function Driver for Winsock
     Microsoft Corporation
     10.0.18362.1
     c:\windows\system32\drivers\afd.sys
     1932/1/7 21:23
   afunix
     \SystemRoot\system32\drivers\afunix.sys
     afunix: AF_UNIX socket provider
     Microsoft Corporation
     10.0.18362.1
     c:\windows\system32\drivers\afunix.sys
     1917/8/5 9:58
   ahcache
     system32\DRIVERS\ahcache.sys
     Application Compatibility Cache: Cache Compatibility Data and Attributes for Individual PE File
     Microsoft Corporation
     10.0.18362.1
     c:\windows\system32\drivers\ahcache.sys
     1923/5/14 11:02
   amdgpio2
     \SystemRoot\System32\drivers\amdgpio2.sys
     AMD GPIO Client Driver: AMD GPIO Controller Driver
     Advanced Micro Devices, Inc
     2.2.0.71
     c:\windows\system32\drivers\amdgpio2.sys
     2019/2/7 17:32
   amdi2c
     \SystemRoot\System32\drivers\amdi2c.sys
     AMD I2C Controller Service: AMD I2C Controller Driver
     Advanced Micro Devices, Inc
     1.2.0.94
     c:\windows\system32\drivers\amdi2c.sys
     2018/6/13 13:25
   AmdK8
     \SystemRoot\System32\drivers\amdk8.sys
     AMD K8 Processor Driver: Processor Device Driver
     Microsoft Corporation
     10.0.18362.387
     c:\windows\system32\drivers\amdk8.sys
     1980/12/12 20:35
   AmdPPM
     \SystemRoot\System32\drivers\amdppm.sys
     AMD Processor Driver: Processor Device Driver
     Microsoft Corporation
     10.0.18362.387
     c:\windows\system32\drivers\amdppm.sys
     1921/8/30 13:27
   amdsata
     System32\drivers\amdsata.sys
     amdsata: AHCI 1.3 Device Driver
     Advanced Micro Devices
     1.1.3.277
     c:\windows\system32\drivers\amdsata.sys
     2015/5/14 20:14
   amdsbs
     System32\drivers\amdsbs.sys
     amdsbs: AMD Technology AHCI Compatible Controller Driver for Windows - AMD64 platform
     AMD Technologies Inc.
     3.7.1540.43
     c:\windows\system32\drivers\amdsbs.sys
     2012/12/12 5:21
   amdxata
     System32\drivers\amdxata.sys
     amdxata: Storage Filter Driver
     Advanced Micro Devices
     1.1.3.277
     c:\windows\system32\drivers\amdxata.sys
     2015/5/1 8:55
   AppID
     system32\drivers\appid.sys
     AppID 驱动程序: 标识应用程序并强制执行软件限制策略。
     Microsoft Corporation
     10.0.18362.449
     c:\windows\system32\drivers\appid.sys
     2035/7/14 19:15
   applockerfltr
     system32\drivers\applockerfltr.sys
     Smartlocker 筛选器驱动程序: 标识由授权的安装程序创建的文件。
     Microsoft Corporation
     10.0.18362.449
     c:\windows\system32\drivers\applockerfltr.sys
     1925/10/24 2:54
   AppvStrm
     \SystemRoot\system32\drivers\AppvStrm.sys
     AppvStrm: Microsoft App-V Streaming Mini-Filter Driver
     Microsoft Corporation
     10.0.18362.267
     c:\windows\system32\drivers\appvstrm.sys
     1944/10/12 20:09
   AppvVemgr
     \SystemRoot\system32\drivers\AppvVemgr.sys
     AppvVemgr: Microsoft App-V Virtual Environment Manager Driver
     Microsoft Corporation
     10.0.18362.267
     c:\windows\system32\drivers\appvvemgr.sys
     2005/7/25 12:27
   AppvVfs
     \SystemRoot\system32\drivers\AppvVfs.sys
     AppvVfs: Microsoft App-V VFS Mini-Filter Driver
     Microsoft Corporation
     10.0.18362.267
     c:\windows\system32\drivers\appvvfs.sys
     2032/9/12 11:59
   arcsas
     System32\drivers\arcsas.sys
     Adaptec SAS/SATA-II RAID Storport's Miniport Driver: Adaptec SAS RAID WS03 Driver
     PMC-Sierra, Inc.
     7.5.0.32048
     c:\windows\system32\drivers\arcsas.sys
     2015/4/10 3:12
   AsyncMac
     \SystemRoot\System32\drivers\asyncmac.sys
     RAS 异步媒体驱动程序: RAS 异步媒体驱动程序
     Microsoft Corporation
     10.0.18362.1
     c:\windows\system32\drivers\asyncmac.sys
     1935/9/6 9:45
   atapi
     System32\drivers\atapi.sys
     IDE 通道: ATAPI IDE Miniport Driver
     Microsoft Corporation
     10.0.18362.1
     c:\windows\system32\drivers\atapi.sys
     1902/5/1 17:54
   b06bdrv
     System32\drivers\bxvbda.sys
     QLogic 网络适配器 VBD: QLogic Gigabit Ethernet VBD
     QLogic Corporation
     7.12.31.105
     c:\windows\system32\drivers\bxvbda.sys
     2016/5/25 15:03
   bam
     system32\drivers\bam.sys
     Background Activity Moderator Driver: Controls activity of background applications
     Microsoft Corporation
     10.0.18362.1
     c:\windows\system32\drivers\bam.sys
     1988/2/17 20:13
   BasicDisplay
     \SystemRoot\System32\DriverStore\FileRepository\basicdisplay.inf_amd64_307898c750ba9e44\BasicDisplay.sys
     BasicDisplay: Microsoft Basic Display Driver
     Microsoft Corporation
     10.0.18362.329
     c:\windows\system32\driverstore\filerepository\basicdisplay.inf_amd64_307898c750ba9e44\basicdisplay.sys
     2011/9/12 21:15
   BasicRender
     \SystemRoot\System32\DriverStore\FileRepository\basicrender.inf_amd64_ba2a8de08ea0d469\BasicRender.sys
     BasicRender: Microsoft Basic Render Driver
     Microsoft Corporation
     10.0.18362.329
     c:\windows\system32\driverstore\filerepository\basicrender.inf_amd64_ba2a8de08ea0d469\basicrender.sys
     1903/5/14 21:33
   bcmfn2
     \SystemRoot\System32\drivers\bcmfn2.sys
     bcmfn2 Service: BCM Function 2  Device Driver
     Windows (R) Win 7 DDK provider
     6.3.9600.17336
     c:\windows\system32\drivers\bcmfn2.sys
     2016/11/1 10:09
   Beep
     Beep
     Beep: BEEP Driver
     Microsoft Corporation
     10.0.18362.1
     c:\windows\system32\drivers\beep.sys
     2013/11/22 10:31
   bindflt
     \SystemRoot\system32\drivers\bindflt.sys
     Windows Bind Filter Driver: Binds filesystem namespaces to different locations and hides this remapping from the user
     Microsoft Corporation
     10.0.18362.418
     c:\windows\system32\drivers\bindflt.sys
     1991/12/20 23:42
   bowser
     system32\DRIVERS\bowser.sys
     浏览器: NT Lan 管理器数据报接收器驱动程序
     Microsoft Corporation
     10.0.18362.1
     c:\windows\system32\drivers\bowser.sys
     1946/5/5 16:03
   BthA2dp
     \SystemRoot\System32\drivers\BthA2dp.sys
     Microsoft Bluetooth A2dp driver: Bluetooth A2DP Driver
     Microsoft Corporation
     10.0.18362.356
     c:\windows\system32\drivers\btha2dp.sys
     1904/10/18 10:10
   BthEnum
     \SystemRoot\System32\drivers\BthEnum.sys
     蓝牙枚举器服务: 蓝牙总线扩展器
     Microsoft Corporation
     10.0.18362.449
     c:\windows\system32\drivers\bthenum.sys
     1985/6/27 14:16
   BthHFEnum
     \SystemRoot\System32\drivers\bthhfenum.sys
     Microsoft Bluetooth 免提配置文件驱动程序: Bluetooth Hands-Free Audio and Call Control HID Enumerator
     Microsoft Corporation
     10.0.18362.1
     c:\windows\system32\drivers\bthhfenum.sys
     1961/1/5 10:52
   BthLEEnum
     \SystemRoot\System32\drivers\Microsoft.Bluetooth.Legacy.LEEnumerator.sys
     蓝牙低能耗驱动程序: Legacy Bluetooth LE Bus Enumerator
     Microsoft Corporation
     10.0.18362.1
     c:\windows\system32\drivers\microsoft.bluetooth.legacy.leenumerator.sys
     1910/3/25 21:02
   BthMini
     \SystemRoot\System32\drivers\BTHMINI.sys
     蓝牙无线收发器驱动程序: Bluetooth Transport Extensibility Miniport Driver
     Microsoft Corporation
     10.0.18362.449
     c:\windows\system32\drivers\bthmini.sys
     1942/5/22 0:25
   BTHMODEM
     \SystemRoot\System32\drivers\bthmodem.sys
     蓝牙调制解调器通信驱动程序: Bluetooth Communications Driver
     Microsoft Corporation
     10.0.18362.1
     c:\windows\system32\drivers\bthmodem.sys
     1966/1/27 20:38
   BTHPORT
     \SystemRoot\System32\drivers\BTHport.sys
     蓝牙端口驱动程序: 蓝牙总线驱动程序
     Microsoft Corporation
     10.0.18362.449
     c:\windows\system32\drivers\bthport.sys
     1920/12/1 1:10
   BTHUSB
     \SystemRoot\System32\drivers\BTHUSB.sys
     蓝牙无线电收发器 USB 驱动程序: 蓝牙微型端口驱动程序
     Microsoft Corporation
     10.0.18362.449
     c:\windows\system32\drivers\bthusb.sys
     1949/4/17 8:15
   bttflt
     System32\drivers\bttflt.sys
     Microsoft Hyper-V VHDPMEM BTT 筛选器: VHD BTT Filter Driver
     Microsoft Corporation
     10.0.18362.1
     c:\windows\system32\drivers\bttflt.sys
     1967/11/8 20:14
   buttonconverter
     \SystemRoot\System32\drivers\buttonconverter.sys
     针对便携式设备控制装置的服务: Button Converter Driver
     Microsoft Corporation
     10.0.18362.1
     c:\windows\system32\drivers\buttonconverter.sys
     1938/6/18 22:09
   CAD
     \SystemRoot\System32\drivers\CAD.sys
     充电均衡驱动程序: Charge Arbiration Driver
     Microsoft Corporation
     10.0.18362.1
     c:\windows\system32\drivers\cad.sys
     2016/2/25 10:45
   cdrom
     \SystemRoot\System32\drivers\cdrom.sys
     CD-ROM Driver: SCSI CD-ROM Driver
     Microsoft Corporation
     10.0.18362.1
     c:\windows\system32\drivers\cdrom.sys
     1918/8/27 23:55
   cht4iscsi
     System32\drivers\cht4sx64.sys
     cht4iscsi: Chelsio iSCSI VMiniport Driver
     Chelsio Communications
     6.9.12.400
     c:\windows\system32\drivers\cht4sx64.sys
     2018/5/8 21:27
   cht4vbd
     \SystemRoot\System32\drivers\cht4vx64.sys
     Chelsio 虚拟总线驱动程序: Virtual Bus Driver for Chelsio ® T5/T6 Chipset
     Chelsio Communications
     6.9.12.400
     c:\windows\system32\drivers\cht4vx64.sys
     2018/5/8 21:23
   circlass
     \SystemRoot\System32\drivers\circlass.sys
     Consumer IR Devices: Consumer IR Class Driver for eHome
     Microsoft Corporation
     10.0.18362.1
     c:\windows\system32\drivers\circlass.sys
     1952/9/6 23:34
   CldFlt
     system32\drivers\cldflt.sys
     Windows Cloud Files Filter Driver: Cloud Files Mini Filter Driver
     Microsoft Corporation
     10.0.18362.449
     c:\windows\system32\drivers\cldflt.sys
     2001/10/6 8:23
   CLFS
     System32\drivers\CLFS.sys
     Common Log (CLFS): General-purpose logging service
     Microsoft Corporation
     10.0.18362.356
     c:\windows\system32\drivers\clfs.sys
     1974/2/11 9:04
   CmBatt
     \SystemRoot\System32\drivers\CmBatt.sys
     Microsoft ACPI 控制方法电池驱动程序: Control Method Battery Driver
     Microsoft Corporation
     10.0.18362.1
     c:\windows\system32\drivers\cmbatt.sys
     1981/7/12 17:27
   CNG
     System32\Drivers\cng.sys
     CNG: Kernel Cryptography, Next Generation
     Microsoft Corporation
     10.0.18362.295
     c:\windows\system32\drivers\cng.sys
     2014/10/20 15:11
   CompositeBus
     \SystemRoot\System32\DriverStore\FileRepository\compositebus.inf_amd64_43ac632006e874bb\CompositeBus.sys
     复合总线枚举器驱动程序: Multi-Transport Composite Bus Enumerator
     Microsoft Corporation
     10.0.18362.329
     c:\windows\system32\driverstore\filerepository\compositebus.inf_amd64_43ac632006e874bb\compositebus.sys
     1961/8/30 18:10
   condrv
     System32\drivers\condrv.sys
     Console Driver: Console Driver
     Microsoft Corporation
     10.0.18362.1
     c:\windows\system32\drivers\condrv.sys
     1926/11/21 4:40
   CSC
     system32\drivers\csc.sys
     Offline Files Driver: 允许在本地计算机处于脱机状态时使用网络文件。
     Microsoft Corporation
     10.0.18362.387
     c:\windows\system32\drivers\csc.sys
     2016/6/23 23:20
   dam
     system32\drivers\dam.sys
     Desktop Activity Moderator Driver: Controls activity of desktop applications
     Microsoft Corporation
     10.0.18362.1
     c:\windows\system32\drivers\dam.sys
     2008/12/16 23:45
   Dfsc
     System32\Drivers\dfsc.sys
     DFS Namespace Client Driver: 用于访问 DFS 命名空间的客户端驱动程序
     Microsoft Corporation
     10.0.18362.1
     c:\windows\system32\drivers\dfsc.sys
     1967/3/17 13:19
   disk
     System32\drivers\disk.sys
     磁盘驱动程序: PnP Disk Driver
     Microsoft Corporation
     10.0.18362.1
     c:\windows\system32\drivers\disk.sys
     1999/12/10 2:07
   dmvsc
     \SystemRoot\System32\drivers\dmvsc.sys
     dmvsc: 动态内存
     Microsoft Corporation
     10.0.18362.1
     c:\windows\system32\drivers\dmvsc.sys
     1905/6/27 21:25
   drmkaud
     \SystemRoot\System32\drivers\drmkaud.sys
     Microsoft Trusted Audio Drivers: Microsoft Trusted Audio Drivers
     Microsoft Corporation
     10.0.18362.1
     c:\windows\system32\drivers\drmkaud.sys
     2000/9/24 9:00
   DXGKrnl
     \SystemRoot\System32\drivers\dxgkrnl.sys
     LDDM Graphics Subsystem: Controls the underlying video driver stacks to provide fully-featured display capabilities.
     Microsoft Corporation
     10.0.18362.449
     c:\windows\system32\drivers\dxgkrnl.sys
     1928/5/16 13:38
   e1i65x64
     \SystemRoot\System32\drivers\e1i65x64.sys
     Intel(R) PRO/1000 PCI Express Network Connection Driver I: Intel(R) Gigabit Adapter NDIS 6.x driver
     Intel Corporation
     12.17.10.8
     c:\windows\system32\drivers\e1i65x64.sys
     2018/6/12 2:01
   ebdrv
     System32\drivers\evbda.sys
     QLogic 10 Gigabit Ethernet Adapter VBD: QLogic 10 GigE VBD
     QLogic Corporation
     7.13.65.105
     c:\windows\system32\drivers\evbda.sys
     2016/5/25 15:01
   EhStorClass
     System32\drivers\EhStorClass.sys
     Enhanced Storage Filter Driver: Enhanced Storage Filter Driver
     Microsoft Corporation
     10.0.18362.1
     c:\windows\system32\drivers\ehstorclass.sys
     2013/10/27 15:34
   EhStorTcgDrv
     System32\drivers\EhStorTcgDrv.sys
     支持 IEEE 1667 和 TCG 协议的 Microsoft 存储设备驱动程序: Microsoft driver for storage devices supporting IEEE 1667 and TCG protocols
     Microsoft Corporation
     10.0.18362.1
     c:\windows\system32\drivers\ehstortcgdrv.sys
     1902/1/20 16:37
   ErrDev
     \SystemRoot\System32\drivers\errdev.sys
     Microsoft Hardware Error Device Driver: Error Device Driver
     Microsoft Corporation
     10.0.18362.1
     c:\windows\system32\drivers\errdev.sys
     1931/9/30 23:40
   exfat
     exfat
     exFAT File System Driver: exFAT File System Driver
     Microsoft Corporation
     10.0.18362.1
     c:\windows\system32\drivers\exfat.sys
     1933/8/10 6:50
   fastfat
     fastfat
     FAT12/16/32 File System Driver: Note - dependance on CDROM.SYS only if required to read/write DVD-RAM media (which appears as CD class device). (Core) (All pieces)
     Microsoft Corporation
     10.0.18362.1
     c:\windows\system32\drivers\fastfat.sys
     2019/6/19 11:36
   fdc
     \SystemRoot\System32\drivers\fdc.sys
     软盘控制器驱动程序: Floppy Disk Controller Driver
     Microsoft Corporation
     10.0.18362.1
     c:\windows\system32\drivers\fdc.sys
     1931/12/14 2:50
   FileCrypt
     system32\drivers\filecrypt.sys
     FileCrypt: Windows sandboxing and encryption filter.
     Microsoft Corporation
     10.0.18362.1
     c:\windows\system32\drivers\filecrypt.sys
     2011/10/30 23:56
   FileInfo
     System32\drivers\fileinfo.sys
     File Information FS MiniFilter: Collects information about files in memory to be consumed by other system services.
     Microsoft Corporation
     10.0.18362.1
     c:\windows\system32\drivers\fileinfo.sys
     1989/7/13 9:15
   Filetrace
     system32\drivers\filetrace.sys
     Filetrace: ETW File Trace Filter
     Microsoft Corporation
     10.0.18362.1
     c:\windows\system32\drivers\filetrace.sys
     1990/12/29 7:44
   flpydisk
     \SystemRoot\System32\drivers\flpydisk.sys
     软盘驱动程序: Floppy Driver
     Microsoft Corporation
     10.0.18362.1
     c:\windows\system32\drivers\flpydisk.sys
     1977/2/24 14:22
   FltMgr
     system32\drivers\fltmgr.sys
     FltMgr: 文件系统筛选器管理器驱动程序
     Microsoft Corporation
     10.0.18362.267
     c:\windows\system32\drivers\fltmgr.sys
     1902/1/3 4:50
   FsDepends
     System32\drivers\FsDepends.sys
     File System Dependency Minifilter: This minifilter tracks the dependencies associated with the various nested volumes/filesystems
     Microsoft Corporation
     10.0.18362.1
     c:\windows\system32\drivers\fsdepends.sys
     1961/8/30 11:45
   fvevol
     System32\DRIVERS\fvevol.sys
     BitLocker Drive Encryption Filter Driver: BitLocker Drive Encryption Filter Driver
     Microsoft Corporation
     10.0.18362.267
     c:\windows\system32\drivers\fvevol.sys
     1946/12/27 3:43
   gencounter
     \SystemRoot\System32\drivers\vmgencounter.sys
     Microsoft Hyper-V 生成计数器: Virtual Machine Generation Counter
     Microsoft Corporation
     10.0.18362.1
     c:\windows\system32\drivers\vmgencounter.sys
     1943/12/2 9:53
   genericusbfn
     \SystemRoot\System32\DriverStore\FileRepository\genericusbfn.inf_amd64_b9c53b80e63af230\genericusbfn.sys
     通用 USB 函数类: Generic USB Function Class Driver
     Microsoft Corporation
     10.0.18362.329
     c:\windows\system32\driverstore\filerepository\genericusbfn.inf_amd64_b9c53b80e63af230\genericusbfn.sys
     1917/11/26 9:10
   GPIOClx0101
     System32\Drivers\msgpioclx.sys
     Microsoft GPIO Class Extension Driver: GPIO Class Extension Driver
     Microsoft Corporation
     10.0.18362.329
     c:\windows\system32\drivers\msgpioclx.sys
     1980/5/14 6:06
   GpuEnergyDrv
     System32\drivers\gpuenergydrv.sys
     GPU Energy Driver: Computes energy consumed by GPU
     Microsoft Corporation
     10.0.18362.1
     c:\windows\system32\drivers\gpuenergydrv.sys
     1976/10/13 20:27
   HdAudAddService
     \SystemRoot\System32\drivers\HdAudio.sys
     用于 High Definition Audio 服务的 Microsoft 1.1 UAA 函数驱动程序: High Definition Audio Function Driver
     Microsoft Corporation
     10.0.18362.356
     c:\windows\system32\drivers\hdaudio.sys
     2009/5/19 7:56
   HDAudBus
     \SystemRoot\System32\drivers\HDAudBus.sys
     用于 High Definition Audio 的 Microsoft UAA 总线驱动程序: High Definition Audio Bus Driver
     Microsoft Corporation
     10.0.18362.1
     c:\windows\system32\drivers\hdaudbus.sys
     1926/11/1 3:09
   HidBatt
     \SystemRoot\System32\drivers\HidBatt.sys
     HID UPS 电池驱动程序: Hid Battery Driver
     Microsoft Corporation
     10.0.18362.1
     c:\windows\system32\drivers\hidbatt.sys
     1912/3/24 2:34
   HidBth
     \SystemRoot\System32\drivers\hidbth.sys
     Microsoft Bluetooth HID Miniport: HID 设备的蓝牙微型端口驱动程序
     Microsoft Corporation
     10.0.18362.1
     c:\windows\system32\drivers\hidbth.sys
     2034/2/26 14:20
   hidi2c
     \SystemRoot\System32\drivers\hidi2c.sys
     Microsoft I2C HID 微型端口驱动程序: I2C HID Miniport Driver
     Microsoft Corporation
     10.0.18362.1
     c:\windows\system32\drivers\hidi2c.sys
     2004/1/22 5:52
   hidinterrupt
     \SystemRoot\System32\drivers\hidinterrupt.sys
     通过中断实施的 HID 按钮的通用驱动程序: HID Button over Interrupt Driver
     Microsoft Corporation
     10.0.18362.1
     c:\windows\system32\drivers\hidinterrupt.sys
     1908/1/30 15:32
   HidIr
     \SystemRoot\System32\drivers\hidir.sys
     Microsoft Infrared HID Driver: Infrared Miniport Driver for Input Devices
     Microsoft Corporation
     10.0.18362.1
     c:\windows\system32\drivers\hidir.sys
     1989/11/4 17:38
   hidspi
     \SystemRoot\System32\drivers\hidspi.sys
     Microsoft SPI HID 微型端口驱动程序: SPI HID Miniport Driver
     Microsoft Corporation
     10.0.18362.387
     c:\windows\system32\drivers\hidspi.sys
     1942/9/2 7:28
   HidUsb
     \SystemRoot\System32\drivers\hidusb.sys
     Microsoft HID Class Driver: USB Miniport Driver for Input Devices
     Microsoft Corporation
     10.0.18362.175
     c:\windows\system32\drivers\hidusb.sys
     2035/9/11 23:00
   HpSAMD
     System32\drivers\HpSAMD.sys
     HpSAMD: Smart Array SAS/SATA Controller Media Driver
     Hewlett-Packard Company
     8.0.4.0
     c:\windows\system32\drivers\hpsamd.sys
     2013/3/27 5:36
   HTTP
     system32\drivers\HTTP.sys
     HTTP Service: HTTP Service
     Microsoft Corporation
     10.0.18362.295
     c:\windows\system32\drivers\http.sys
     1924/9/10 15:19
   hvservice
     system32\drivers\hvservice.sys
     Hypervisor/Virtual Machine Support Driver: Hypervisor/Virtual Machine Support Driver
     Microsoft Corporation
     10.0.18362.476
     c:\windows\system32\drivers\hvservice.sys
     1982/6/12 20:22
   HwNClx0101
     System32\Drivers\mshwnclx.sys
     Microsoft Hardware Notifications Class Extension Driver: Hardware Notification Class Extension Driver
     Microsoft Corporation
     10.0.18362.1
     c:\windows\system32\drivers\mshwnclx.sys
     2030/11/16 3:49
   hwpolicy
     System32\drivers\hwpolicy.sys
     Hardware Policy Driver: Contains Processor and other policies
     Microsoft Corporation
     10.0.18362.1
     c:\windows\system32\drivers\hwpolicy.sys
     1930/3/18 23:01
   hyperkbd
     \SystemRoot\System32\drivers\hyperkbd.sys
     hyperkbd: Microsoft VMBus Synthetic Keyboard Driver
     Microsoft Corporation
     10.0.18362.1
     c:\windows\system32\drivers\hyperkbd.sys
     1938/3/3 2:46
   HyperVideo
     \SystemRoot\System32\drivers\HyperVideo.sys
     HyperVideo: Microsoft VMBus Video Device Miniport Driver
     Microsoft Corporation
     10.0.18362.1
     c:\windows\system32\drivers\hypervideo.sys
     2010/2/1 3:36
   i8042prt
     \SystemRoot\System32\drivers\i8042prt.sys
     PS/2 键盘和鼠标端口驱动程序: i8042 端口驱动程序
     Microsoft Corporation
     10.0.18362.1
     c:\windows\system32\drivers\i8042prt.sys
     1955/10/24 11:52
   iagpio
     \SystemRoot\System32\drivers\iagpio.sys
     Intel 串行 IO GPIO 控制器驱动程序: Intel(R) Serial IO GPIO Controller Driver
     Intel(R) Corporation
     1.1.1.0
     c:\windows\system32\drivers\iagpio.sys
     2018/7/23 17:04
   iai2c
     \SystemRoot\System32\drivers\iai2c.sys
     Intel(R) 串行 IO I2C 主机控制器: Intel(R) Serial IO I2C Driver
     Intel(R) Corporation
     1.1.1.0
     c:\windows\system32\drivers\iai2c.sys
     2018/7/23 17:04
   iaLPSS2i_GPIO2
     \SystemRoot\System32\drivers\iaLPSS2i_GPIO2.sys
     Intel(R) 串行 IO GPIO 驱动程序 v2: Intel(R) Serial IO GPIO Driver v2
     Intel Corporation
     30.100.1816.3
     c:\windows\system32\drivers\ialpss2i_gpio2.sys
     2018/4/19 15:53
   iaLPSS2i_GPIO2_BXT_P
     \SystemRoot\System32\drivers\iaLPSS2i_GPIO2_BXT_P.sys
     Intel(R) 串行 IO GPIO 驱动程序 v2: Intel(R) Serial IO GPIO Driver v2
     Intel Corporation
     30.100.1816.1
     c:\windows\system32\drivers\ialpss2i_gpio2_bxt_p.sys
     2018/4/17 17:25
   iaLPSS2i_GPIO2_CNL
     \SystemRoot\System32\drivers\iaLPSS2i_GPIO2_CNL.sys
     Intel(R) 串行 IO GPIO 驱动程序 v2: Intel(R) Serial IO GPIO Driver v2
     Intel Corporation
     30.100.1816.3
     c:\windows\system32\drivers\ialpss2i_gpio2_cnl.sys
     2018/4/17 15:07
   iaLPSS2i_GPIO2_GLK
     \SystemRoot\System32\drivers\iaLPSS2i_GPIO2_GLK.sys
     Intel(R) 串行 IO GPIO 驱动程序 v2: Intel(R) Serial IO GPIO Driver v2
     Intel Corporation
     30.100.1820.1
     c:\windows\system32\drivers\ialpss2i_gpio2_glk.sys
     2018/5/16 13:46
   iaLPSS2i_I2C
     \SystemRoot\System32\drivers\iaLPSS2i_I2C.sys
     Intel(R) 串行 IO I2C 驱动程序 v2: Intel(R) Serial IO I2C Driver v2
     Intel Corporation
     30.100.1816.3
     c:\windows\system32\drivers\ialpss2i_i2c.sys
     2018/4/19 15:52
   iaLPSS2i_I2C_BXT_P
     \SystemRoot\System32\drivers\iaLPSS2i_I2C_BXT_P.sys
     Intel(R) 串行 IO I2C 驱动程序 v2: Intel(R) Serial IO I2C Driver v2
     Intel Corporation
     30.100.1816.1
     c:\windows\system32\drivers\ialpss2i_i2c_bxt_p.sys
     2018/4/17 17:24
   iaLPSS2i_I2C_CNL
     \SystemRoot\System32\drivers\iaLPSS2i_I2C_CNL.sys
     Intel(R) 串行 IO I2C 驱动程序 v2: Intel(R) Serial IO I2C Driver v2
     Intel Corporation
     30.100.1816.3
     c:\windows\system32\drivers\ialpss2i_i2c_cnl.sys
     2018/4/17 15:06
   iaLPSS2i_I2C_GLK
     \SystemRoot\System32\drivers\iaLPSS2i_I2C_GLK.sys
     Intel(R) 串行 IO I2C 驱动程序 v2: Intel(R) Serial IO I2C Driver v2
     Intel Corporation
     30.100.1820.1
     c:\windows\system32\drivers\ialpss2i_i2c_glk.sys
     2018/5/16 13:46
   iaLPSSi_GPIO
     \SystemRoot\System32\drivers\iaLPSSi_GPIO.sys
     Intel(R) 串行 IO GPIO 主机控制器驱动程序: Intel(R) Serial IO GPIO Controller Driver
     Intel Corporation
     1.1.250.0
     c:\windows\system32\drivers\ialpssi_gpio.sys
     2015/2/2 17:00
   iaLPSSi_I2C
     \SystemRoot\System32\drivers\iaLPSSi_I2C.sys
     Intel(R) 串行 IO I2C 控制器驱动程序: Intel(R) Serial IO I2C Controller Driver
     Intel Corporation
     1.1.253.0
     c:\windows\system32\drivers\ialpssi_i2c.sys
     2015/2/24 23:52
   iaStorAVC
     System32\drivers\iaStorAVC.sys
     Intel Chipset SATA RAID 控制器: Intel(R) Rapid Storage Technology driver (inbox) - x64
     Intel Corporation
     15.44.0.1010
     c:\windows\system32\drivers\iastoravc.sys
     2018/2/7 19:53
   iaStorV
     System32\drivers\iaStorV.sys
     Intel RAID Controller Windows 7: Intel Matrix Storage Manager driver - x64
     Intel Corporation
     8.6.2.1019
     c:\windows\system32\drivers\iastorv.sys
     2011/4/12 2:48
   ibbus
     \SystemRoot\System32\drivers\ibbus.sys
     Mellanox InfiniBand 总线/AL (筛选器驱动程序): InfiniBand Fabric Bus Driver
     Mellanox
     5.50.14643.0
     c:\windows\system32\drivers\ibbus.sys
     2018/4/26 0:29
   IndirectKmd
     \SystemRoot\System32\drivers\IndirectKmd.sys
     Indirect Displays 内核模式驱动程序: 实现了 Indirect Displays 框架的内核模式驱动程序。
     Microsoft Corporation
     10.0.18362.1
     c:\windows\system32\drivers\indirectkmd.sys
     1963/11/21 22:34
   intelide
     System32\drivers\intelide.sys
     intelide: Intel PCI IDE Driver
     Microsoft Corporation
     10.0.18362.1
     c:\windows\system32\drivers\intelide.sys
     1905/11/14 12:03
   intelpep
     System32\drivers\intelpep.sys
     Intel(R) Power Engine Plug-in Driver: Intel Power Engine Plugin
     Microsoft Corporation
     10.0.18362.387
     c:\windows\system32\drivers\intelpep.sys
     1919/5/4 2:41
   intelpmax
     \SystemRoot\System32\drivers\intelpmax.sys
     Intel 功率限制驱动程序: Intel Power Limit Driver
     Microsoft Corporation
     10.0.18362.1
     c:\windows\system32\drivers\intelpmax.sys
     2009/9/14 13:03
   intelppm
     \SystemRoot\System32\drivers\intelppm.sys
     Intel Processor Driver: Processor Device Driver
     Microsoft Corporation
     10.0.18362.387
     c:\windows\system32\drivers\intelppm.sys
     1908/2/12 23:36
   iorate
     system32\drivers\iorate.sys
     磁盘 I/O 速率筛选器驱动程序: 为磁盘 I/O 流量提供速率控制。
     Microsoft Corporation
     10.0.18362.1
     c:\windows\system32\drivers\iorate.sys
     1983/3/16 8:54
   IpFilterDriver
     system32\DRIVERS\ipfltdrv.sys
     IP 流量筛选器驱动程序: IP 流量筛选器驱动程序
     Microsoft Corporation
     10.0.18362.1
     c:\windows\system32\drivers\ipfltdrv.sys
     1961/9/18 1:59
   IPMIDRV
     \SystemRoot\System32\drivers\IPMIDrv.sys
     IPMIDRV: WMI IPMI 驱动程序
     Microsoft Corporation
     10.0.18362.1
     c:\windows\system32\drivers\ipmidrv.sys
     1939/1/22 16:15
   IPNAT
     System32\drivers\ipnat.sys
     IP Network Address Translator: IP Network Address Translator
     Microsoft Corporation
     10.0.18362.1
     c:\windows\system32\drivers\ipnat.sys
     2005/10/2 9:07
   IPT
     \SystemRoot\System32\drivers\ipt.sys
     IPT: IPT Driver
     Microsoft Corporation
     10.0.18362.1
     c:\windows\system32\drivers\ipt.sys
     1930/11/27 20:28
   isapnp
     System32\drivers\isapnp.sys
     isapnp: PNP ISA 总线驱动程序
     Microsoft Corporation
     10.0.18362.267
     c:\windows\system32\drivers\isapnp.sys
     1907/2/3 0:36
   iScsiPrt
     \SystemRoot\System32\drivers\msiscsi.sys
     iScsiPort 驱动程序: Microsoft iSCSI Initiator Driver
     Microsoft Corporation
     10.0.18362.449
     c:\windows\system32\drivers\msiscsi.sys
     1953/7/1 17:26
   ItSas35i
     System32\drivers\ItSas35i.sys
     ItSas35i: Avago SAS Gen3.5 Driver (StorPort)
     Avago Technologies
     2.60.59.80
     c:\windows\system32\drivers\itsas35i.sys
     2018/5/3 17:57
   kbdclass
     \SystemRoot\System32\drivers\kbdclass.sys
     Keyboard Class Driver: 键盘类驱动程序
     Microsoft Corporation
     10.0.18362.1
     c:\windows\system32\drivers\kbdclass.sys
     1975/12/31 8:56
   kbdhid
     \SystemRoot\System32\drivers\kbdhid.sys
     Keyboard HID Driver: HID 键盘筛选器驱动程序
     Microsoft Corporation
     10.0.18362.1
     c:\windows\system32\drivers\kbdhid.sys
     2010/12/2 1:57
   kdnic
     \SystemRoot\System32\drivers\kdnic.sys
     Microsoft 内核调试网络微型端口(NDIS 6.20): Microsoft Kernel Debugger Network Miniport
     Microsoft Corporation
     6.1.0.0
     c:\windows\system32\drivers\kdnic.sys
     1986/12/29 12:11
   KSecDD
     System32\Drivers\ksecdd.sys
     KSecDD: Kernel Security Support Provider Interface
     Microsoft Corporation
     10.0.18362.113
     c:\windows\system32\drivers\ksecdd.sys
     1920/10/3 16:55
   KSecPkg
     System32\Drivers\ksecpkg.sys
     KSecPkg: Kernel Security Support Provider Interface Packages
     Microsoft Corporation
     10.0.18362.387
     c:\windows\system32\drivers\ksecpkg.sys
     1953/12/27 12:30
   ksthunk
     \SystemRoot\system32\drivers\ksthunk.sys
     Kernel Streaming Thunks: Kernel Streaming WOW Thunk Service
     Microsoft Corporation
     10.0.18362.1
     c:\windows\system32\drivers\ksthunk.sys
     1981/5/1 21:52
   lltdio
     system32\drivers\lltdio.sys
     链路层拓扑发现映射器 I/O 驱动程序: 链路层拓扑发现映射器 I/O 驱动程序
-----------------------------------------------------------------------------------------
nic information
Windows IP 配置

   主机名  . . . . . . . . . . . . . : ANSEL7CDF
   主 DNS 后缀 . . . . . . . . . . . :
   节点类型  . . . . . . . . . . . . : 混合
   IP 路由已启用 . . . . . . . . . . : 否
   WINS 代理已启用 . . . . . . . . . : 否
   DNS 后缀搜索列表  . . . . . . . . : localdomain

以太网适配器 以太网:

   连接特定的 DNS 后缀 . . . . . . . : localdomain
   描述. . . . . . . . . . . . . . . : Intel(R) 82574L Gigabit Network Connection
   物理地址. . . . . . . . . . . . . : 00-1C-42-85-24-E1
   DHCP 已启用 . . . . . . . . . . . : 是
   自动配置已启用. . . . . . . . . . : 是
   IPv6 地址 . . . . . . . . . . . . : fdb2:2c26:f4e4:0:cc79:71bb:10ea:39f3(首选)
   本地链接 IPv6 地址. . . . . . . . : fe80::cc79:71bb:10ea:39f3%13(首选)
   IPv4 地址 . . . . . . . . . . . . : 10.211.55.3(首选)
   子网掩码  . . . . . . . . . . . . : 255.255.255.0
   获得租约的时间  . . . . . . . . . : 2020年5月15日 12:23:43
   租约过期的时间  . . . . . . . . . : 2020年5月15日 13:23:42
   默认网关. . . . . . . . . . . . . : fe80::21c:42ff:fe00:18%13
                                       10.211.55.1
   DHCP 服务器 . . . . . . . . . . . : 10.211.55.1
   DHCPv6 IAID . . . . . . . . . . . : 100670530
   DHCPv6 客户端 DUID  . . . . . . . : 00-01-00-01-25-32-2E-C8-00-1C-42-85-24-E1
   DNS 服务器  . . . . . . . . . . . : fe80::21c:42ff:fe00:18%13
                                       10.211.55.1
   TCPIP 上的 NetBIOS  . . . . . . . : 已启用
-----------------------------------------------------------------------------------------
route information
===========================================================================
接口列表
 13...00 1c 42 85 24 e1 ......Intel(R) 82574L Gigabit Network Connection
  1...........................Software Loopback Interface 1
===========================================================================

IPv4 路由表
===========================================================================
活动路由:
网络目标        网络掩码          网关       接口   跃点数
          0.0.0.0          0.0.0.0      10.211.55.1      10.211.55.3     25
      10.211.55.0    255.255.255.0            在链路上       10.211.55.3    281
      10.211.55.3  255.255.255.255            在链路上       10.211.55.3    281
    10.211.55.255  255.255.255.255            在链路上       10.211.55.3    281
        127.0.0.0        255.0.0.0            在链路上         127.0.0.1    331
        127.0.0.1  255.255.255.255            在链路上         127.0.0.1    331
  127.255.255.255  255.255.255.255            在链路上         127.0.0.1    331
        224.0.0.0        240.0.0.0            在链路上         127.0.0.1    331
        224.0.0.0        240.0.0.0            在链路上       10.211.55.3    281
  255.255.255.255  255.255.255.255            在链路上         127.0.0.1    331
  255.255.255.255  255.255.255.255            在链路上       10.211.55.3    281
===========================================================================
永久路由:
  无

IPv6 路由表
===========================================================================
活动路由:
 接口跃点数网络目标                网关
 13    281 ::/0                     fe80::21c:42ff:fe00:18
  1    331 ::1/128                  在链路上
 13    281 fdb2:2c26:f4e4::/64      在链路上
 13    281 fdb2:2c26:f4e4:0:cc79:71bb:10ea:39f3/128
                                    在链路上
 13    281 fe80::/64                在链路上
 13    281 fe80::cc79:71bb:10ea:39f3/128
                                    在链路上
  1    331 ff00::/8                 在链路上
 13    281 ff00::/8                 在链路上
===========================================================================
永久路由:
  无
-----------------------------------------------------------------------------------------
arp information
接口: 10.211.55.3 --- 0xd
  Internet 地址         物理地址              类型
  10.211.55.1           00-1c-42-00-00-18     动态
  10.211.55.255         ff-ff-ff-ff-ff-ff     静态
  224.0.0.22            01-00-5e-00-00-16     静态
  224.0.0.251           01-00-5e-00-00-fb     静态
  224.0.0.252           01-00-5e-00-00-fc     静态
  239.255.255.250       01-00-5e-7f-ff-fa     静态
  255.255.255.255       ff-ff-ff-ff-ff-ff     静态
-----------------------------------------------------------------------------------------
information of processes

PsList v1.4 - Process information lister
Copyright (C) 2000-2016 Mark Russinovich
Sysinternals - www.sysinternals.com

Process information for ANSEL7CDF:

Name                Pid Pri Thd  Hnd   Priv        CPU Time    Elapsed Time
Idle                  0   0   2    0     60    12:38:51.906  1557:26:24.557
System                4   8 119 3006    200     0:15:06.109  1557:26:24.557
Registry             88   8   4    0   4396     0:00:04.359  1557:26:28.503
smss                348  11   2   53   1148     0:00:00.156  1557:26:24.549
csrss               464  13  10  548   1680     0:00:01.890  1557:26:19.555
wininit             548  13   3  173   1628     0:00:00.203  1557:26:19.246
services            684   9   8  642   4932     0:00:11.250  1557:26:19.103
lsass               696   9   8 1356   7388     0:00:15.109  1557:26:19.065
svchost             808   8   1   86    896     0:00:00.000  1557:26:18.801
svchost             828   8  15 1203  13380     0:00:26.140  1557:26:18.789
WUDFHost            856   8   8  249   1728     0:00:00.093  1557:26:18.745
fontdrvhost         880   8   5   32   1976     0:00:00.015  1557:26:18.726
svchost             992   8  11 1212   9564     0:00:27.812  1557:26:18.448
svchost             304   8   4  260   2508     0:00:00.968  1557:26:18.411
svchost            1124   8   1  223   2272     0:00:00.125  1557:26:17.974
svchost            1220   8   7  418  14656     0:00:01.671  1557:26:17.893
svchost            1240   8   3  196   1780     0:00:00.156  1557:26:17.882
svchost            1248   8   2  170   1700     0:00:00.718  1557:26:17.879
svchost            1260   8   4  242   2800     0:00:00.593  1557:26:17.876
svchost            1384   8   9  399   6012     0:00:01.812  1557:26:17.784
svchost            1464   8   5  225   2640     0:00:26.703  1557:26:17.668
svchost            1472   8   3  189   1308     0:00:00.156  1557:26:17.668
svchost            1480   8   6  189   2556     0:00:00.406  1557:26:17.665
svchost            1580   8   2  162   2088     0:00:00.828  1557:26:17.593
svchost            1600   8   3  141   4948     0:00:01.718  1557:26:17.584
svchost            1620   8   1  166   2124     0:00:00.906  1557:26:17.571
svchost            1664   8   5  221   1992     0:00:02.062  1557:26:17.551
svchost            1716   8   2  176   1872     0:00:00.156  1557:26:17.531
svchost            1744   8   5  177   2120     0:00:06.656  1557:26:17.510
svchost            1752   8   2  173   1668     0:00:00.140  1557:26:17.510
svchost            1824   8   7  384   4420     0:00:00.984  1557:26:17.484
svchost            1844   8   8  253   3080     0:00:04.093  1557:26:17.479
Memory Compression  1868   8  70    0    368     0:00:33.796  1557:26:17.462
svchost            2012   8   7  328   2872     0:00:02.781  1557:26:17.339
svchost            1740   8   2  213   6620     0:00:14.781  1557:26:17.218
svchost            2104   8   1  127   1448     0:00:00.046  1557:26:17.142
svchost            2144   8   9  680   2968     0:00:03.375  1557:26:17.110
svchost            2188   8   4  129   1616     0:00:00.187  1557:26:17.071
svchost            2216   8   5  352   2252     0:00:00.250  1557:26:17.053
svchost            2252   8  13  409   4548     0:00:02.078  1557:26:17.024
svchost            2276   8  11  478  10428     0:00:04.937  1557:26:17.019
svchost            2324   8  14  592  17336     0:00:52.468  1557:26:16.991
svchost            2384   8   3  250   2588     0:00:00.218  1557:26:16.931
spoolsv            2456   8   7  515   6148     0:00:01.156  1557:26:16.848
svchost            2580   8   4  175   1884     0:00:04.359  1557:26:16.702
svchost            2604   8   3  184   1884     0:00:00.109  1557:26:16.649
svchost            2780   8  11  379   7152     0:00:05.890  1557:26:16.317
svchost            2832   8   5  482   3484     0:00:01.203  1557:26:16.248
svchost            2840   8  16  382  17180     0:00:50.218  1557:26:16.227
svchost            2848   8   8  443   6368     0:00:10.109  1557:26:16.224
coherence          2892   8   5  136   1628     0:00:00.046  1557:26:16.188
prl_tools_service  2916   8   9  254   2640     0:00:00.375  1557:26:16.176
dllhost            2956   8   5  159   1812     0:00:00.031  1557:26:16.155
QQProtect          2976   8  16  480  16168     0:00:04.437  1557:26:16.145
svchost            3004   8   1  135   1544     0:00:00.015  1557:26:16.121
svchost            3024   8   3  128   1260     0:00:00.015  1557:26:16.109
svchost            1304   8   6  410   4916     0:00:00.984  1557:26:16.048
svchost            1200   8   4  109   1368     0:00:00.109  1557:26:16.031
svchost            1792   8   4  205   2236     0:00:00.312  1557:26:16.006
svchost            3428   8  11  378   3308     0:00:00.359  1557:26:15.516
msdtc              1140   8   9  221   2828     0:00:00.125  1557:26:13.507
svchost            4572   8   3  237   2880     0:00:04.796  1557:26:11.589
svchost            4608   8   5  275   3484     0:00:01.968  1557:26:11.562
svchost            5056   8  11  354   4608     0:00:00.812  1557:26:10.893
SearchIndexer      5836   8  19  802  31860     0:00:10.484  1557:26:06.197
svchost            4568   8  13  326   4288     0:00:00.843  1557:26:05.254
svchost            6736   8   3  273   2500     0:00:00.171  1557:26:03.751
SecurityHealthService  7016   8  18  491   4676     0:00:00.515  1557:25:52.064
svchost            5556   8   2  154   1636     0:00:00.046  1557:24:58.686
svchost            5068   8   5  352   7216     0:00:02.281  1557:24:28.662
svchost            6916   8   6  214   2396     0:00:00.171  1557:24:14.714
WmiApSrv            436   8   2  152   1584     0:00:00.046  1557:24:14.651
SgrmBroker         1160   8   3   89   2948     0:00:00.156  1557:24:14.459
svchost            4944   8  11  299   5068     0:00:01.625  1557:24:14.127
usocoreworker      2996   8  10  492  35228     0:00:03.953  1557:24:13.990
svchost            7136   8   8  225   2552     0:00:00.109  1557:24:13.986
svchost            6764   8   1  189   1736     0:00:01.859  1557:23:23.437
svchost             984   8   6  271   4016     0:00:00.375  1557:22:50.927
svchost            7668   8   4  194   6112     0:00:00.109  1556:43:33.307
svchost            4452   8   5  178   1800     0:00:00.187  1538:27:00.637
svchost            8792   8   5  209   1924     0:00:00.125   718:03:50.612
svchost            6120   8   3  207   2652     0:00:00.171   717:59:57.859
csrss              1072  13  11  489   2784     0:00:06.453   717:55:50.903
winlogon           7964  13   4  275   2452     0:00:00.156   717:55:50.880
dwm                8848  13  14  855 109224     0:00:16.437   717:55:50.595
fontdrvhost        8256   8   5   32   8280     0:00:02.046   717:55:50.344
coherence          8032   8   3  124   1596     0:00:00.000   717:55:48.269
prl_tools          7904   8  10  297   2672     0:00:03.625   717:55:48.268
coherence          6668   8   3  143   1572     0:00:00.000   717:55:48.243
svchost           10040   8   3  167   1572     0:00:00.046     0:51:23.966
svchost            4520   8  10  293   4748     0:00:00.968     0:51:21.473
sihost             6516   8  10  592   6772     0:00:03.656     0:51:21.467
svchost            5308   8   5  472   7312     0:00:00.828     0:51:21.421
taskhostw          2420   8  10  298   7564     0:00:00.671     0:51:21.364
explorer           6860   8  77 2967  90736     0:05:13.250     0:51:20.617
svchost            5240   8   5  301   3420     0:00:00.234     0:51:19.513
ctfmon             5052  13  10  655  12108     0:00:04.015     0:51:18.578
StartMenuExperienceHost  9652   8   8  568  21800     0:00:02.515     0:51:17.956
ChsIME             8856   8  29  868  14852     0:00:02.125     0:51:17.471
RuntimeBroker      8164   8   3  259   3488     0:00:00.250     0:51:16.568
SearchUI            668   8  42 1527 134920     0:00:20.234     0:51:15.701
RuntimeBroker      8776   8   9  622  10184     0:00:03.234     0:51:15.100
SkypeApp           7944   8  16  431  13548     0:00:00.640     0:51:13.888
SkypeBackgroundHost  9832   8   4  154   1976     0:00:00.015     0:51:13.861
ApplicationFrameHost  3420   8   2  326   8948     0:00:00.390     0:51:13.729
YourPhone          9704   8  16  635  13436     0:00:00.671     0:51:13.537
dllhost            8468   8   6  237   4008     0:00:00.312     0:51:12.877
RuntimeBroker      4296   8   2  263   3044     0:00:00.125     0:51:12.199
TabTip             8944  13   7  305   3560     0:00:00.531     0:51:11.392
prl_cc             9032   8  36  767  15336     0:00:13.859     0:51:11.233
RuntimeBroker       108   8   2  205   2284     0:00:01.015     0:51:06.428
RuntimeBroker      9104   8   4  216   2556     0:00:00.078     0:51:02.735
RuntimeBroker      6792   8   1  138   1616     0:00:00.062     0:51:01.121
WindowsInternal.ComposableShell.Experiences.TextInput.InputApp  4300   8  14  637  11492     0:00:01.546     0:50:40.748
dllhost            4760   8   2  125   1404     0:00:00.156     0:50:38.958
svchost            7548   8   3  473   5308     0:00:00.609     0:49:39.415
SecurityHealthHost  6608   8   1  188   2260     0:00:00.046     0:49:11.510
ShellExperienceHost  6220   8   8  503  11028     0:00:00.296     0:49:11.150
RuntimeBroker      3776   8   3  209   2548     0:00:00.062     0:49:10.649
taskhostw          9108   6   5  227   2844     0:00:00.125     0:48:25.456
CompatTelRunner    7604   4   1  120   1052     0:00:00.000     0:48:25.279
conhost            8452   6   4  156   6668     0:00:00.359     0:48:25.252
svchost            5956   8   3  156   2200     0:00:00.046     0:48:25.177
CompatTelRunner    8948   4   7  522  37868     0:00:08.265     0:48:25.088
smartscreen        1256   8  10  428  12240     0:00:00.281     0:42:10.504
MicrosoftEdge     10156   8  35  867  22724     0:00:00.703     0:42:07.183
browser_broker     8636   8   2  137   1608     0:00:00.031     0:42:06.808
MicrosoftEdgeSH    7476   8   9  262   3860     0:00:00.093     0:42:06.330
MicrosoftEdgeCP    5012   8  16  492   5804     0:00:00.109     0:42:06.225
cmd                1088   8   1   80   2364     0:00:00.078     0:32:54.200
conhost            3640   8  12  406  12348     0:00:12.750     0:32:54.175
svchost            8936   8   4  127   2420     0:00:00.031     0:04:17.302
TrustedInstaller   2620   8   5  133   1720     0:00:00.046     0:01:59.637
TiWorker           3604   8   4  175  20796     0:00:00.515     0:01:59.608
Microsoft.Photos   7536   8  17  773  42464     0:00:01.546     0:01:59.466
svchost            5796   8   3  172   1792     0:00:00.000     0:01:57.324
svchost            9436   8   6  198   6552     0:00:00.031     0:01:57.260
RuntimeBroker      5712   8   6  350   4392     0:00:00.218     0:01:54.107
pslist             5952  13   5  286   3980     0:00:00.359     0:00:02.381
